******************************************************************************
                  TI ARM Linker PC v20.2.5                     
******************************************************************************
>> Linked Fri Sep 17 10:51:10 2021

OUTPUT FILE NAME:   <SimpleCodeStructure.out>
ENTRY POINT SYMBOL: "resetISR"  address: 010097e5


MEMORY CONFIGURATION

         name            origin    length      used     unused   attr    fill
----------------------  --------  ---------  --------  --------  ----  --------
  FLASH_HDR             01000000   000007ff  0000000c  000007f3  R  X
  FLASH                 01000800   000ff800  00009a0c  000f5df4  R  X
  SRAM                  20000000   00040000  00009694  0003696c  RW X


SEGMENT ALLOCATION MAP

run origin  load origin   length   init length attrs members
----------  ----------- ---------- ----------- ----- -------
01000000    01000000    0000000c   0000000c    r--
  01000000    01000000    0000000c   0000000c    r-- .dbghdr
01000800    01000800    00009a10   00009a10    r-x
  01000800    01000800    00000040   00000040    r-- .resetVecs
  01000840    01000840    000092b2   000092b2    r-x .text
  01009af4    01009af4    0000060a   0000060a    r-- .const
  0100a100    0100a100    00000110   00000110    r-- .cinit
2000030c    2000030c    00008f88   00000000    rw-
  2000030c    2000030c    00008424   00000000    rw- .bss
  20008730    20008730    00000b64   00000000    rw- .data
2003fc00    2003fc00    00000400   00000000    rw-
  2003fc00    2003fc00    00000400   00000000    rw- .stack


SECTION ALLOCATION MAP

 output                                  attributes/
section   page    origin      length       input sections
--------  ----  ----------  ----------   ----------------
.dbghdr    0    01000000    0000000c     
                  01000000    0000000c     ti_drivers_config.obj (.dbghdr:retain)

.resetVecs 
*          0    01000800    00000040     
                  01000800    00000040     freertos_builds_CC3220SF_LAUNCHXL_release_ccs.lib : startup_cc32xx_ccs.obj (.resetVecs:retain)

.text      0    01000840    000092b2     
                  01000840    00000a4e     rtsv7M4_T_le_eabi.lib : _printfi.c.obj (.text:__TI_printfi)
                  0100128e    00000002     ti_drivers_config.obj (.text:Board_initHook)
                  01001290    0000042c     driverlib.a : prcm.obj (.text:PRCMCC3200MCUInit)
                  010016bc    00000280     drivers_cc32xx.aem4 : UARTCC32XX.oem4 (.text:UARTCC32XX_open)
                  0100193c    00000268     rtsv7M4_T_le_eabi.lib : _printfi.c.obj (.text:_pconv_a)
                  01001ba4    000001f0     freertos_builds_CC3220SF_LAUNCHXL_release_ccs.lib : tasks.obj (.text:xTaskIncrementTick)
                  01001d94    000001e4     drivers_cc32xx.aem4 : GPIOCC32XX.oem4 (.text:GPIO_setConfig)
                  01001f78    000001d0     freertos_builds_CC3220SF_LAUNCHXL_release_ccs.lib : queue.obj (.text:xQueueSemaphoreTake)
                  01002148    000001cc     rtsv7M4_T_le_eabi.lib : _printfi.c.obj (.text:_pconv_g)
                  01002314    000001cc     freertos_builds_CC3220SF_LAUNCHXL_release_ccs.lib : tasks.obj (.text:xTaskResumeAll)
                  010024e0    000001b8                                                       : queue.obj (.text:xQueueGenericSend)
                  01002698    000001b6     rtsv7M4_T_le_eabi.lib : fd_add_t2.asm.obj (.text)
                  0100284e    00000002     driverlib.a : interrupt.obj (.text:IntDefaultHandler)
                  01002850    000001b0     freertos_builds_CC3220SF_LAUNCHXL_release_ccs.lib : PowerCC32XX_freertos.obj (.text:PowerCC32XX_sleepPolicy)
                  01002a00    000001a4                                                       : heap_4.obj (.text:pvPortMalloc)
                  01002ba4    00000188     sensor_thread_state.obj (.text:sensorThreadState)
                  01002d2c    00000188     freertos_builds_CC3220SF_LAUNCHXL_release_ccs.lib : tasks.obj (.text:xTaskRemoveFromEventList)
                  01002eb4    0000017c                                                       : queue.obj (.text:xQueueReceive)
                  01003030    00000154                                                       : timers.obj (.text:prvProcessReceivedCommands)
                  01003184    00000148     drivers_cc32xx.aem4 : PowerCC32XX.oem4 (.text:parkPins)
                  010032cc    00000148     freertos_builds_CC3220SF_LAUNCHXL_release_ccs.lib : tasks.obj (.text:vTaskPriorityDisinheritAfterTimeout)
                  01003414    0000013c     rtsv7M4_T_le_eabi.lib : _printfi.c.obj (.text:_pconv_e)
                  01003550    0000013a     freertos_builds_CC3220SF_LAUNCHXL_release_ccs.lib : tasks.obj (.text:prvInitialiseNewTask)
                  0100368a    00000002                                                       : PowerCC32XX_freertos.obj (.text:PowerCC32XX_initPolicy)
                  0100368c    00000138     drivers_cc32xx.aem4 : PowerCC32XX.oem4 (.text:Power_sleep)
                  010037c4    00000138     freertos_builds_CC3220SF_LAUNCHXL_release_ccs.lib : pthread.obj (.text:pthread_create)
                  010038fc    00000136     rtsv7M4_T_le_eabi.lib : fd_div_t2.asm.obj (.text)
                  01003a32    00000002     drivers_cc32xx.aem4 : TimerCC32XX.oem4 (.text:TimerCC32XX_init)
                  01003a34    00000128                         : TimerCC32XX.oem4 (.text:TimerCC32XX_open)
                  01003b5c    00000128     freertos_builds_CC3220SF_LAUNCHXL_release_ccs.lib : queue.obj (.text:xQueueGenericSendFromISR)
                  01003c84    00000120     drivers_cc32xx.aem4 : UARTCC32XX.oem4 (.text:UARTCC32XX_close)
                  01003da4    00000120     rtsv7M4_T_le_eabi.lib : _printfi.c.obj (.text:fcvt)
                  01003ec4    00000120     freertos_builds_CC3220SF_LAUNCHXL_release_ccs.lib : tasks.obj (.text:xTaskPriorityInherit)
                  01003fe4    00000118                                                       : tasks.obj (.text:vTaskSuspend)
                  010040fc    00000118                                                       : tasks.obj (.text:xTaskPriorityDisinherit)
                  01004214    0000010e                                                       : queue.obj (.text:xQueueGiveFromISR)
                  01004322    00000002     drivers_cc32xx.aem4 : UARTCC32XX.oem4 (.text:UARTCC32XX_init)
                  01004324    00000104     freertos_builds_CC3220SF_LAUNCHXL_release_ccs.lib : tasks.obj (.text:prvAddNewTaskToReadyList)
                  01004428    00000104                                                       : queue.obj (.text:xQueueGenericReset)
                  0100452c    00000100                                                       : tasks.obj (.text:vTaskDelete)
                  0100462c    000000fc     rtsv7M4_T_le_eabi.lib : fd_mul_t2.asm.obj (.text)
                  01004728    000000f6     freertos_builds_CC3220SF_LAUNCHXL_release_ccs.lib : queue.obj (.text:xQueueReceiveFromISR)
                  0100481e    000000f2     drivers_cc32xx.aem4 : UARTCC32XX.oem4 (.text:UARTCC32XX_control)
                  01004910    000000e8     freertos_builds_CC3220SF_LAUNCHXL_release_ccs.lib : tasks.obj (.text:prvAddCurrentTaskToDelayedList)
                  010049f8    000000dc                                                       : tasks.obj (.text:vTaskSwitchContext)
                  01004ad4    000000d0     rtsv7M4_T_le_eabi.lib : s_scalbn.c.obj (.text:scalbn)
                  01004ba4    000000ca     drivers_cc32xx.aem4 : UARTCC32XX.oem4 (.text:UARTCC32XX_write)
                  01004c6e    00000002     freertos_builds_CC3220SF_LAUNCHXL_release_ccs.lib : startup_cc32xx_ccs.obj (.text:busFaultHandler)
                  01004c70    000000c4     drivers_cc32xx.aem4 : GPIOCC32XX.oem4 (.text:GPIO_init)
                  01004d34    000000c0                         : PowerCC32XX.oem4 (.text:restoreParkedPins)
                  01004df4    000000c0     freertos_builds_CC3220SF_LAUNCHXL_release_ccs.lib : port.obj (.text:xPortStartScheduler)
                  01004eb4    000000bc                                                       : queue.obj (.text:prvCopyDataToQueue)
                  01004f70    000000bc                                                       : heap_4.obj (.text:prvHeapInit)
                  0100502c    000000ba     drivers_cc32xx.aem4 : UARTCC32XX.oem4 (.text:UARTCC32XX_readPolling)
                  010050e6    00000002     freertos_builds_CC3220SF_LAUNCHXL_release_ccs.lib : startup_cc32xx_ccs.obj (.text:defaultHandler)
                  010050e8    000000ba                                                       : portasm.obj (.text)
                  010051a2    00000002                                                       : startup_cc32xx_ccs.obj (.text:faultISR)
                  010051a4    000000b8     drivers_cc32xx.aem4 : UARTCC32XX.oem4 (.text:initHw)
                  0100525c    000000b6     debug.obj (.text:fatalError)
                  01005312    000000b6     drivers_cc32xx.aem4 : UARTCC32XX.oem4 (.text:readTaskCallback)
                  010053c8    000000b4     freertos_builds_CC3220SF_LAUNCHXL_release_ccs.lib : tasks.obj (.text:xTaskCheckForTimeOut)
                  0100547c    000000b1     rtsv7M4_T_le_eabi.lib : _printfi.c.obj (.text:_ltostr)
                  0100552d    00000001     --HOLE-- [fill = 0]
                  0100552e    000000b0     drivers_cc32xx.aem4 : UARTCC32XX.oem4 (.text:readTaskBlocking)
                  010055de    000000ae     freertos_builds_CC3220SF_LAUNCHXL_release_ccs.lib : queue.obj (.text:prvUnlockQueue)
                  0100568c    000000ae     drivers_cc32xx.aem4 : UARTCC32XX.oem4 (.text:readIsrTextBlocking)
                  0100573a    00000002     freertos_builds_CC3220SF_LAUNCHXL_release_ccs.lib : startup_cc32xx_ccs.obj (.text:nmiISR)
                  0100573c    000000a8     driverlib.a : interrupt.obj (.text:IntDisable)
                  010057e4    000000a8                 : interrupt.obj (.text:IntEnable)
                  0100588c    000000a8     drivers_cc32xx.aem4 : PowerCC32XX.oem4 (.text:PowerCC32XX_configureWakeup)
                  01005934    000000a8     freertos_builds_CC3220SF_LAUNCHXL_release_ccs.lib : heap_4.obj (.text:prvInsertBlockIntoFreeList)
                  010059dc    000000a8                                                       : heap_4.obj (.text:vPortFree)
                  01005a84    000000a2     drivers_cc32xx.aem4 : UARTCC32XX.oem4 (.text:readIsrTextCallback)
                  01005b26    000000a2                         : UARTCC32XX.oem4 (.text:writeData)
                  01005bc8    000000a0     freertos_builds_CC3220SF_LAUNCHXL_release_ccs.lib : ClockP_freertos.obj (.text:ClockP_create)
                  01005c68    000000a0     debug.obj (.text:dbgEvent)
                  01005d08    0000009c     rtsv7M4_T_le_eabi.lib : memcpy_t2.asm.obj (.text)
                  01005da4    0000009c     freertos_builds_CC3220SF_LAUNCHXL_release_ccs.lib : tasks.obj (.text:vTaskStartScheduler)
                  01005e40    00000098     drivers_cc32xx.aem4 : GPIOCC32XX.oem4 (.text:powerNotifyFxn)
                  01005ed8    00000096     rtsv7M4_T_le_eabi.lib : ull_div_t2.asm.obj (.text)
                  01005f6e    00000002                           : div0.asm.obj (.text)
                  01005f70    00000094     drivers_cc32xx.aem4 : ADCCC32XX.oem4 (.text:ADCCC32XX_open)
                  01006004    00000090                         : PowerCC32XX.oem4 (.text:restoreNVICRegs)
                  01006094    00000088     driverlib.a : pin.obj (.text:PinConfigSet)
                  0100611c    00000088     drivers_cc32xx.aem4 : TimerCC32XX.oem4 (.text:TimerCC32XX_setPeriod)
                  010061a4    00000088     main_freertos.obj (.text:main)
                  0100622c    00000088     freertos_builds_CC3220SF_LAUNCHXL_release_ccs.lib : timers.obj (.text:prvProcessTimerOrBlockTask)
                  010062b4    00000086     rtsv7M4_T_le_eabi.lib : fd_cmp_t2.asm.obj (.text:__aeabi_cdcmple)
                  0100633a    00000086                           : fd_cmp_t2.asm.obj (.text:__aeabi_cdrcmple)
                  010063c0    00000084     drivers_cc32xx.aem4 : PowerCC32XX.oem4 (.text:Power_init)
                  01006444    00000084                         : PowerCC32XX.oem4 (.text:saveNVICRegs)
                  010064c8    00000084     freertos_builds_CC3220SF_LAUNCHXL_release_ccs.lib : timers.obj (.text:xTimerGenericCommand)
                  0100654c    00000082                                                       : queue.obj (.text:xQueueGenericCreate)
                  010065ce    00000002     --HOLE-- [fill = 0]
                  010065d0    00000080     drivers_cc32xx.aem4 : PowerCC32XX.oem4 (.text:Power_setDependency)
                  01006650    0000007c                         : UARTCC32XX.oem4 (.text:readIsrBinaryBlocking)
                  010066cc    0000007a     freertos_builds_CC3220SF_LAUNCHXL_release_ccs.lib : pthread.obj (.text:removeThreadKeys)
                  01006746    0000007a     rtsv7M4_T_le_eabi.lib : memset_t2.asm.obj (.text)
                  010067c0    0000007a     freertos_builds_CC3220SF_LAUNCHXL_release_ccs.lib : tasks.obj (.text:xTaskCreate)
                  0100683a    00000002     --HOLE-- [fill = 0]
                  0100683c    00000078     drivers_cc32xx.aem4 : GPIOCC32XX.oem4 (.text:GPIO_hwiIntFxn)
                  010068b4    00000078                         : TimerCC32XX.oem4 (.text:TimerCC32XX_start)
                  0100692c    00000078     freertos_builds_CC3220SF_LAUNCHXL_release_ccs.lib : timers.obj (.text:prvInsertTimerInActiveList)
                  010069a4    00000078     drivers_cc32xx.aem4 : UARTCC32XX.oem4 (.text:readIsrBinaryCallback)
                  01006a1c    00000078     freertos_builds_CC3220SF_LAUNCHXL_release_ccs.lib : tasks.obj (.text:vTaskPlaceOnEventListRestricted)
                  01006a94    00000076     timer70.obj (.text:timer70Callback)
                  01006b0a    00000076     uart_thread.obj (.text:uartTask)
                  01006b80    00000074     drivers_cc32xx.aem4 : ADCCC32XX.oem4 (.text:ADCCC32XX_close)
                  01006bf4    00000074                         : UARTCC32XX.oem4 (.text:UARTCC32XX_hwiIntFxn)
                  01006c68    00000074     freertos_builds_CC3220SF_LAUNCHXL_release_ccs.lib : tasks.obj (.text:prvInitialiseTaskLists)
                  01006cdc    00000074     timer70.obj (.text:timer70Init)
                  01006d50    00000074     freertos_builds_CC3220SF_LAUNCHXL_release_ccs.lib : port.obj (.text:vPortValidateInterruptPriority)
                  01006dc4    00000070                                                       : ClockP_freertos.obj (.text:setClockObjTimeout)
                  01006e34    00000070     timer500.obj (.text:timer500Init)
                  01006ea4    0000006e     rtsv7M4_T_le_eabi.lib : _printfi.c.obj (.text:_mcpy)
                  01006f12    00000068                           : copy_decompress_lzss.c.obj (.text:decompress:lzss:__TI_decompress_lzss)
                  01006f7a    00000002     --HOLE-- [fill = 0]
                  01006f7c    00000068     freertos_builds_CC3220SF_LAUNCHXL_release_ccs.lib : tasks.obj (.text:eTaskConfirmSleepModeStatus)
                  01006fe4    00000066     drivers_cc32xx.aem4 : UARTCC32XX.oem4 (.text:UARTCC32XX_writeCancel)
                  0100704a    00000066     freertos_builds_CC3220SF_LAUNCHXL_release_ccs.lib : list.obj (.text:vListInsert)
                  010070b0    00000064     drivers_cc32xx.aem4 : ADCCC32XX.oem4 (.text:ADCCC32XX_convert)
                  01007114    00000064     freertos_builds_CC3220SF_LAUNCHXL_release_ccs.lib : ClockP_freertos.obj (.text:ClockP_stop)
                  01007178    00000064     drivers_cc32xx.aem4 : GPIOCC32XX.oem4 (.text:GPIO_toggle)
                  010071dc    00000064                         : PowerCC32XX.oem4 (.text:PowerCC32XX_setParkState)
                  01007240    00000064     freertos_builds_CC3220SF_LAUNCHXL_release_ccs.lib : tasks.obj (.text:prvGetExpectedIdleTime)
                  010072a4    00000062     drivers_cc32xx.aem4 : UARTCC32XX.oem4 (.text:UARTCC32XX_writePolling)
                  01007306    00000062     freertos_builds_CC3220SF_LAUNCHXL_release_ccs.lib : timers.obj (.text:prvInitialiseNewTimer)
                  01007368    00000060                                                       : HwiPCC32XX_freertos.obj (.text:HwiP_create)
                  010073c8    00000060     driverlib.a : prcm.obj (.text:PRCMSysResetCauseGet)
                  01007428    00000060     rtsv7M4_T_le_eabi.lib : fs_cmp_t2.asm.obj (.text:__aeabi_cfcmple)
                  01007488    00000060                           : fs_cmp_t2.asm.obj (.text:__aeabi_cfrcmple)
                  010074e8    0000005c     drivers_cc32xx.aem4 : GPIOCC32XX.oem4 (.text:GPIO_setCallback)
                  01007544    0000005c     rtsv7M4_T_le_eabi.lib : s_frexp.c.obj (.text:frexp)
                  010075a0    0000005c     freertos_builds_CC3220SF_LAUNCHXL_release_ccs.lib : tasks.obj (.text:prvIdleTask)
                  010075fc    0000005c                                                       : pthread.obj (.text:pthread_exit)
                  01007658    0000005c                                                       : queue.obj (.text:vQueueWaitForMessageRestricted)
                  010076b4    0000005c                                                       : tasks.obj (.text:vTaskDelay)
                  01007710    00000058     drivers_cc32xx.aem4 : GPIOCC32XX.oem4 (.text:GPIO_write)
                  01007768    00000058     driverlib.a : interrupt.obj (.text:IntPendClear)
                  010077c0    00000058                 : prcm.obj (.text:PRCMPeripheralReset)
                  01007818    00000058     drivers_cc32xx.aem4 : PowerCC32XX.oem4 (.text:Power_releaseDependency)
                  01007870    00000058     freertos_builds_CC3220SF_LAUNCHXL_release_ccs.lib : port.obj (.text:vPortSetupTimerInterrupt)
                  010078c8    00000056                                                       : SemaphoreP_freertos.obj (.text:SemaphoreP_create)
                  0100791e    00000056     drivers_cc32xx.aem4 : TimerCC32XX.oem4 (.text:TimerCC32XX_stop)
                  01007974    00000056     rtsv7M4_T_le_eabi.lib : _printfi.c.obj (.text:_pconv_f)
                  010079ca    00000002     --HOLE-- [fill = 0]
                  010079cc    00000054     freertos_builds_CC3220SF_LAUNCHXL_release_ccs.lib : ClockP_freertos.obj (.text:ClockP_delete)
                  01007a20    00000054     driverlib.a : interrupt.obj (.text:IntPrioritySet)
                  01007a74    00000054     rtsv7M4_T_le_eabi.lib : _ltoa.c.obj (.text:__TI_ltoa)
                  01007ac8    00000054     drivers_cc32xx.aem4 : UARTCC32XX.oem4 (.text:ringBufGet)
                  01007b1c    00000054     freertos_builds_CC3220SF_LAUNCHXL_release_ccs.lib : timers.obj (.text:xTimerCreateTimerTask)
                  01007b70    00000052     drivers_cc32xx.aem4 : PowerCC32XX_asm.oem4 (.text:PowerCC32XX_resumeLPDS)
                  01007bc2    00000052     rtsv7M4_T_le_eabi.lib : _printfi.c.obj (.text:_ecpy)
                  01007c14    00000052     drivers_cc32xx.aem4 : TimerCC32XX.oem4 (.text:initHw)
                  01007c66    00000002     --HOLE-- [fill = 0]
                  01007c68    00000050                         : TimerCC32XX.oem4 (.text:TimerCC32XX_allocateTimerResource)
                  01007cb8    00000050     debug.obj (.text:dbgInit)
                  01007d08    00000050     freertos_builds_CC3220SF_LAUNCHXL_release_ccs.lib : port.obj (.text:pxPortInitialiseStack)
                  01007d58    0000004c     drivers_cc32xx.aem4 : GPIOCC32XX.oem4 (.text:GPIO_enableInt)
                  01007da4    0000004c                         : PowerCC32XX.oem4 (.text:PowerCC32XX_parkPin)
                  01007df0    0000004c     rtsv7M4_T_le_eabi.lib : atoi.c.obj (.text:atoi)
                  01007e3c    0000004c     freertos_builds_CC3220SF_LAUNCHXL_release_ccs.lib : startup_cc32xx_ccs.obj (.text:initVectors)
                  01007e88    0000004c                                                       : timers.obj (.text:prvCheckForValidListAndQueue)
                  01007ed4    0000004c                                                       : tasks.obj (.text:prvCheckTasksWaitingTermination)
                  01007f20    0000004c                                                       : timers.obj (.text:prvProcessExpiredTimer)
                  01007f6c    0000004c     drivers_cc32xx.aem4 : PowerCC32XX.oem4 (.text:restorePeriphClocks)
                  01007fb8    0000004c     freertos_builds_CC3220SF_LAUNCHXL_release_ccs.lib : port.obj (.text:vPortEnterCritical)
                  01008004    00000048     driverlib.a : flash.obj (.text:FlashDisable)
                  0100804c    00000048     freertos_builds_CC3220SF_LAUNCHXL_release_ccs.lib : HwiPCC32XX_freertos.obj (.text:HwiP_dispatch)
                  01008094    00000048     driverlib.a : prcm.obj (.text:PRCMLPDSEnter)
                  010080dc    00000048                 : prcm.obj (.text:PRCMPeripheralClkEnable)
                  01008124    00000048     drivers_cc32xx.aem4 : PowerCC32XX.oem4 (.text:Power_releaseConstraint)
                  0100816c    00000048     freertos_builds_CC3220SF_LAUNCHXL_release_ccs.lib : timers.obj (.text:prvSwitchTimerLists)
                  010081b4    00000048     sensor_thread_queue.obj (.text:push_sensor_msg)
                  010081fc    00000048     uart_thread_queue.obj (.text:push_uart_msg)
                  01008244    00000048     rtsv7M4_T_le_eabi.lib : fd_toi_t2.asm.obj (.text)
                  0100828c    00000048     freertos_builds_CC3220SF_LAUNCHXL_release_ccs.lib : list.obj (.text:uxListRemove)
                  010082d4    00000046     drivers_cc32xx.aem4 : RingBuf.oem4 (.text:RingBuf_put)
                  0100831a    00000046                         : TimerCC32XX.oem4 (.text:getPrescaler)
                  01008360    00000046     freertos_builds_CC3220SF_LAUNCHXL_release_ccs.lib : queue.obj (.text:xQueueCreateCountingSemaphore)
                  010083a6    00000002     --HOLE-- [fill = 0]
                  010083a8    00000044     drivers_cc32xx.aem4 : ADC.oem4 (.text:ADC_init)
                  010083ec    00000044     driverlib.a : prcm.obj (.text:PRCMLPDSRestoreInfoSet)
                  01008430    00000044     drivers_cc32xx.aem4 : PowerCC32XX_asm.oem4 (.text:PowerCC32XX_enterLPDS)
                  01008474    00000044                         : Timer.oem4 (.text:Timer_init)
                  010084b8    00000044                         : UART.oem4 (.text:UART_init)
                  010084fc    00000044     rtsv7M4_T_le_eabi.lib : autoinit.c.obj (.text:__TI_auto_init_nobinit_nopinit:__TI_auto_init_nobinit_nopinit)
                  01008540    00000044     sensor_thread_queue.obj (.text:pop_sensor_msg)
                  01008584    00000044     uart_thread_queue.obj (.text:pop_uart_msg)
                  010085c8    00000044     freertos_builds_CC3220SF_LAUNCHXL_release_ccs.lib : queue.obj (.text:prvInitialiseNewQueue)
                  0100860c    00000044     rtsv7M4_T_le_eabi.lib : fd_tou_t2.asm.obj (.text)
                  01008650    00000044     freertos_builds_CC3220SF_LAUNCHXL_release_ccs.lib : tasks.obj (.text:vTaskStepTick)
                  01008694    00000040     drivers_cc32xx.aem4 : ADC.oem4 (.text:ADC_open)
                  010086d4    00000040     driverlib.a : pin.obj (.text:PinModeSet)
                  01008714    00000040     drivers_cc32xx.aem4 : RingBuf.oem4 (.text:RingBuf_get)
                  01008754    00000040                         : Timer.oem4 (.text:Timer_open)
                  01008794    00000040                         : UARTCC32XX.oem4 (.text:UARTCC32XX_read)
                  010087d4    00000040                         : UART.oem4 (.text:UART_open)
                  01008814    00000040     rtsv7M4_T_le_eabi.lib : sprintf.c.obj (.text:sprintf)
                  01008854    0000003e     freertos_builds_CC3220SF_LAUNCHXL_release_ccs.lib : ClockP_freertos.obj (.text:ClockP_callbackFxn)
                  01008892    0000003e     rtsv7M4_T_le_eabi.lib : _printfi.c.obj (.text:_fcpy)
                  010088d0    0000003e     freertos_builds_CC3220SF_LAUNCHXL_release_ccs.lib : pthread.obj (.text:pthread_setcancelstate)
                  0100890e    00000002     --HOLE-- [fill = 0]
                  01008910    0000003c     driverlib.a : prcm.obj (.text:PRCMSlowClkCtrFastGet)
                  0100894c    0000003c     drivers_cc32xx.aem4 : PowerCC32XX.oem4 (.text:Power_setConstraint)
                  01008988    0000003c     timer70.obj (.text:convert_V_to_in)
                  010089c4    0000003c     freertos_builds_CC3220SF_LAUNCHXL_release_ccs.lib : queue.obj (.text:prvCopyDataFromQueue)
                  01008a00    0000003c                                                       : tasks.obj (.text:pvTaskGetThreadLocalStoragePointer)
                  01008a3c    0000003c                                                       : list.obj (.text:vListInsertEnd)
                  01008a78    0000003c                                                       : timers.obj (.text:xTimerCreate)
                  01008ab4    0000003a     drivers_cc32xx.aem4 : TimerCC32XX.oem4 (.text:TimerCC32XX_close)
                  01008aee    00000002     --HOLE-- [fill = 0]
                  01008af0    00000038     driverlib.a : prcm.obj (.text:PRCMLPDSEnterKeepDebugIf)
                  01008b28    00000038     drivers_cc32xx.aem4 : TimerCC32XX.oem4 (.text:TimerCC32XX_hwiIntFunction)
                  01008b60    00000038                         : PowerCC32XX.oem4 (.text:notify)
                  01008b98    00000038     freertos_builds_CC3220SF_LAUNCHXL_release_ccs.lib : timers.obj (.text:prvGetNextExpireTime)
                  01008bd0    00000038                                                       : port.obj (.text:prvTaskExitError)
                  01008c08    00000038     rtsv7M4_T_le_eabi.lib : fs_toi_t2.asm.obj (.text)
                  01008c40    00000036     driverlib.a : timer.obj (.text:TimerControlStall)
                  01008c76    00000036     drivers_cc32xx.aem4 : UARTCC32XX.oem4 (.text:UARTCC32XX_readCancel)
                  01008cac    00000036     freertos_builds_CC3220SF_LAUNCHXL_release_ccs.lib : timers.obj (.text:prvReloadTimer)
                  01008ce2    00000002     --HOLE-- [fill = 0]
                  01008ce4    00000034     driverlib.a : pin.obj (.text:PinModeGet)
                  01008d18    00000034     drivers_cc32xx.aem4 : PowerCC32XX.oem4 (.text:PowerCC32XX_restoreParkState)
                  01008d4c    00000034     freertos_builds_CC3220SF_LAUNCHXL_release_ccs.lib : SemaphoreP_freertos.obj (.text:SemaphoreP_pend)
                  01008d80    00000034     drivers_cc32xx.aem4 : TimerCC32XX.oem4 (.text:TimerCC32XX_freeTimerResource)
                  01008db4    00000034                         : TimerCC32XX.oem4 (.text:getPowerMgrId)
                  01008de8    00000034     freertos_builds_CC3220SF_LAUNCHXL_release_ccs.lib : timers.obj (.text:prvSampleTimeNow)
                  01008e1c    00000034                                                       : tasks.obj (.text:vTaskPlaceOnEventList)
                  01008e50    00000032     timer500.obj (.text:timer500Callback)
                  01008e82    00000030     drivers_cc32xx.aem4 : PowerCC32XX.oem4 (.text:PowerCC32XX_restoreParkedPin)
                  01008eb2    00000002     --HOLE-- [fill = 0]
                  01008eb4    00000030     freertos_builds_CC3220SF_LAUNCHXL_release_ccs.lib : tasks.obj (.text:prvResetNextTaskUnblockTime)
                  01008ee4    00000030                                                       : list.obj (.text:vListInitialise)
                  01008f14    00000030                                                       : port.obj (.text:vPortExitCritical)
                  01008f44    00000030                                                       : tasks.obj (.text:xTaskGetSchedulerState)
                  01008f74    0000002e                                                       : timers.obj (.text:pvTimerGetTimerID)
                  01008fa2    0000002e     rtsv7M4_T_le_eabi.lib : i_tofd_t2.asm.obj (.text)
                  01008fd0    0000002c     freertos_builds_CC3220SF_LAUNCHXL_release_ccs.lib : HwiPCC32XX_freertos.obj (.text:HwiP_disable)
                  01008ffc    0000002c     driverlib.a : prcm.obj (.text:PRCMLPDSIntervalSet)
                  01009028    0000002c     drivers_cc32xx.aem4 : PowerCC32XX.oem4 (.text:PowerCC32XX_getParkState)
                  01009054    0000002c     freertos_builds_CC3220SF_LAUNCHXL_release_ccs.lib : SemaphoreP_freertos.obj (.text:SemaphoreP_createBinary)
                  01009080    0000002c                                                       : tasks.obj (.text:vTaskSetApplicationTaskTag)
                  010090ac    0000002c                                                       : port.obj (.text:xPortSysTickHandler)
                  010090d8    0000002a     driverlib.a : timer.obj (.text:TimerLoadSet)
                  01009102    0000002a                 : timer.obj (.text:TimerPrescaleSet)
                  0100912c    00000028     freertos_builds_CC3220SF_LAUNCHXL_release_ccs.lib : HwiPCC32XX_freertos.obj (.text:HwiP_inISR)
                  01009154    00000028     driverlib.a : prcm.obj (.text:PRCMLPDSWakeupSourceEnable)
                  0100917c    00000028                 : prcm.obj (.text:PRCMPeripheralClkDisable)
                  010091a4    00000028     drivers_cc32xx.aem4 : PowerCC32XX.oem4 (.text:Power_registerNotify)
                  010091cc    00000028     freertos_builds_CC3220SF_LAUNCHXL_release_ccs.lib : pthread.obj (.text:pthread_attr_setschedparam)
                  010091f4    00000028                                                       : tasks.obj (.text:xTaskGetApplicationTaskTag)
                  0100921c    00000026     drivers_cc32xx.aem4 : List.oem4 (.text:List_put)
                  01009242    00000026                         : List.oem4 (.text:List_remove)
                  01009268    00000026     freertos_builds_CC3220SF_LAUNCHXL_release_ccs.lib : pthread.obj (.text:_pthread_cleanup_pop)
                  0100928e    00000026                                                       : queue.obj (.text:prvIsQueueFull)
                  010092b4    00000024     driverlib.a : interrupt.obj (.text:IntUnregister)
                  010092d8    00000024     drivers_cc32xx.aem4 : PowerCC32XX.oem4 (.text:PowerCC32XX_reset)
                  010092fc    00000024     rtsv7M4_T_le_eabi.lib : boot_cortex_m.c.obj (.text:_c_int00_noargs:_c_int00_noargs)
                  01009320    00000024     sensor_thread_queue.obj (.text:init_sensor_queue)
                  01009344    00000024     uart_thread_queue.obj (.text:init_uart_queue)
                  01009368    00000024     freertos_builds_CC3220SF_LAUNCHXL_release_ccs.lib : queue.obj (.text:prvGetDisinheritPriorityAfterTimeout)
                  0100938c    00000024     rtsv7M4_T_le_eabi.lib : u_tofs_t2.asm.obj (.text)
                  010093b0    00000024     freertos_builds_CC3220SF_LAUNCHXL_release_ccs.lib : queue.obj (.text:vQueueDelete)
                  010093d4    00000024                                                       : tasks.obj (.text:vTaskInternalSetTimeOutState)
                  010093f8    00000022                                                       : SemaphoreP_freertos.obj (.text:SemaphoreP_post)
                  0100941a    00000022                                                       : pthread.obj (.text:pthread_attr_setdetachstate)
                  0100943c    00000020     drivers_cc32xx.aem4 : ADCCC32XX.oem4 (.text:ADCCC32XX_convertToMicroVolts)
                  0100945c    00000020     freertos_builds_CC3220SF_LAUNCHXL_release_ccs.lib : ClockP_freertos.obj (.text:ClockP_getCpuFreq)
                  0100947c    00000020                                                       : HwiPCC32XX_freertos.obj (.text:HwiP_restore)
                  0100949c    00000020     driverlib.a : interrupt.obj (.text:IntRegister)
                  010094bc    00000020     drivers_cc32xx.aem4 : PowerCC32XX.oem4 (.text:Power_unregisterNotify)
                  010094dc    00000020                         : RingBuf.oem4 (.text:RingBuf_peek)
                  010094fc    00000020                         : UARTCC32XX.oem4 (.text:getPowerMgrId)
                  0100951c    00000020     freertos_builds_CC3220SF_LAUNCHXL_release_ccs.lib : queue.obj (.text:prvIsQueueEmpty)
                  0100953c    00000020     rtsv7M4_T_le_eabi.lib : u_tofd_t2.asm.obj (.text)
                  0100955c    0000001e     freertos_builds_CC3220SF_LAUNCHXL_release_ccs.lib : ClockP_freertos.obj (.text:ClockP_start)
                  0100957a    0000001e                                                       : HwiPCC32XX_freertos.obj (.text:HwiP_Params_init)
                  01009598    0000001e     driverlib.a : timer.obj (.text:TimerDisable)
                  010095b6    0000001e                 : timer.obj (.text:TimerEnable)
                  010095d4    0000001e     freertos_builds_CC3220SF_LAUNCHXL_release_ccs.lib : pthread.obj (.text:_pthread_runStub)
                  010095f2    0000001c                                                       : ClockP_freertos.obj (.text:ClockP_Params_init)
                  0100960e    00000002     --HOLE-- [fill = 0]
                  01009610    0000001c     driverlib.a : pin.obj (.text:PinToPadGet)
                  0100962c    0000001c     rtsv7M4_T_le_eabi.lib : memccpy.c.obj (.text:memccpy)
                  01009648    0000001c     freertos_builds_CC3220SF_LAUNCHXL_release_ccs.lib : pthread.obj (.text:pthread_attr_init)
                  01009664    0000001c                                                       : tasks.obj (.text:pvTaskIncrementMutexHeldCount)
                  01009680    0000001a                                                       : PTLS.obj (.text:PTLS_taskDeleteHook)
                  0100969a    0000001a                                                       : timers.obj (.text:prvTimerTask)
                  010096b4    00000018     drivers_cc32xx.aem4 : PowerCC32XX.oem4 (.text:Power_idleFunc)
                  010096cc    00000018                         : TimerCC32XX.oem4 (.text:TimerCC32XX_getCount)
                  010096e4    00000018     driverlib.a : timer.obj (.text:TimerIntDisable)
                  010096fc    00000018                 : timer.obj (.text:TimerIntEnable)
                  01009714    00000018                 : uart.obj (.text:UARTBusy)
                  0100972c    00000018                 : uart.obj (.text:UARTIntEnable)
                  01009744    00000018     drivers_cc32xx.aem4 : UART.oem4 (.text:UART_Params_init)
                  0100975c    00000018     rtsv7M4_T_le_eabi.lib : sprintf.c.obj (.text:_outs)
                  01009774    00000018                           : ll_mul_t2.asm.obj (.text)
                  0100978c    00000016     freertos_builds_CC3220SF_LAUNCHXL_release_ccs.lib : ClockP_freertos.obj (.text:ClockP_setTimeout)
                  010097a2    00000016     driverlib.a : prcm.obj (.text:PRCMHIBRegRead)
                  010097b8    00000016                 : prcm.obj (.text:PRCMHIBRegWrite)
                  010097ce    00000016     freertos_builds_CC3220SF_LAUNCHXL_release_ccs.lib : SemaphoreP_freertos.obj (.text:SemaphoreP_Params_init)
                  010097e4    00000016                                                       : startup_cc32xx_ccs.obj (.text:resetISR)
                  010097fa    00000016     rtsv7M4_T_le_eabi.lib : strchr.c.obj (.text:strchr)
                  01009810    00000014     driverlib.a : cpu.obj (.text:CPUcpsie)
                  01009824    00000014                 : interrupt.obj (.text:IntVTableBaseSet)
                  01009838    00000014     drivers_cc32xx.aem4 : PowerCC32XX.oem4 (.text:Power_getDependencyCount)
                  0100984c    00000014     freertos_builds_CC3220SF_LAUNCHXL_release_ccs.lib : tasks.obj (.text:prvDeleteTCB)
                  01009860    00000014                                                       : pthread.obj (.text:pthread_attr_setstacksize)
                  01009874    00000014                                                       : pthread.obj (.text:pthread_self)
                  01009888    00000014     drivers_cc32xx.aem4 : UARTCC32XX.oem4 (.text:releasePowerConstraint)
                  0100989c    00000014     rtsv7M4_T_le_eabi.lib : strlen.c.obj (.text:strlen)
                  010098b0    00000014     freertos_builds_CC3220SF_LAUNCHXL_release_ccs.lib : PowerCC32XX_freertos.obj (.text:vPortSuppressTicksAndSleep)
                  010098c4    00000014                                                       : tasks.obj (.text:xTaskGetCurrentTaskHandle)
                  010098d8    00000014                                                       : tasks.obj (.text:xTaskGetTickCount)
                  010098ec    00000012                                                       : HwiPCC32XX_freertos.obj (.text:HwiP_delete)
                  010098fe    00000012     drivers_cc32xx.aem4 : RingBuf.oem4 (.text:RingBuf_construct)
                  01009910    00000012     driverlib.a : timer.obj (.text:TimerIntClear)
                  01009922    00000012     sensor_task.obj (.text:sensorTask)
                  01009934    00000012     rtsv7M4_T_le_eabi.lib : wcslen.c.obj (.text:wcslen)
                  01009946    00000010     ti_drivers_config.obj (.text:Board_init)
                  01009956    00000010     freertos_builds_CC3220SF_LAUNCHXL_release_ccs.lib : ClockP_freertos.obj (.text:ClockP_getSystemTickPeriod)
                  01009966    00000002     --HOLE-- [fill = 0]
                  01009968    00000010     driverlib.a : systick.obj (.text:SysTickDisable)
                  01009978    00000010                 : systick.obj (.text:SysTickEnable)
                  01009988    00000010     drivers_cc32xx.aem4 : Timer.oem4 (.text:Timer_Params_init)
                  01009998    00000010                         : UARTCC32XX.oem4 (.text:readBlockingTimeout)
                  010099a8    00000010     freertos_builds_CC3220SF_LAUNCHXL_release_ccs.lib : list.obj (.text:vListInitialiseItem)
                  010099b8    00000010                                                       : tasks.obj (.text:vTaskSuspendAll)
                  010099c8    0000000e     drivers_cc32xx.aem4 : PowerCC32XX.oem4 (.text:Power_getTransitionLatency)
                  010099d6    0000000e                         : RingBuf.oem4 (.text:RingBuf_isFull)
                  010099e4    0000000e     rtsv7M4_T_le_eabi.lib : copy_decompress_none.c.obj (.text:decompress:none:__TI_decompress_none)
                  010099f2    0000000c     driverlib.a : cpu.obj (.text:CPUwfi)
                  010099fe    0000000c     freertos_builds_CC3220SF_LAUNCHXL_release_ccs.lib : HwiPCC32XX_freertos.obj (.text:HwiP_clearInterrupt)
                  01009a0a    00000002     --HOLE-- [fill = 0]
                  01009a0c    0000000c     drivers_cc32xx.aem4 : PowerCC32XX.oem4 (.text:Power_getConstraintMask)
                  01009a18    0000000c     freertos_builds_CC3220SF_LAUNCHXL_release_ccs.lib : SemaphoreP_freertos.obj (.text:SemaphoreP_delete)
                  01009a24    0000000c     rtsv7M4_T_le_eabi.lib : s_copysign.c.obj (.text:copysign)
                  01009a30    0000000c                           : copy_zero_init.c.obj (.text:decompress:ZI:__TI_zero_init)
                  01009a3c    0000000c     drivers_cc32xx.aem4 : TimerCC32XX.oem4 (.text:postNotifyFxn)
                  01009a48    0000000c                         : UARTCC32XX.oem4 (.text:postNotifyFxn)
                  01009a54    0000000c     freertos_builds_CC3220SF_LAUNCHXL_release_ccs.lib : tasks.obj (.text:vTaskMissedYield)
                  01009a60    0000000a     drivers_cc32xx.aem4 : ADC.oem4 (.text:ADC_Params_init)
                  01009a6a    0000000a                         : ADC.oem4 (.text:ADC_close)
                  01009a74    0000000a                         : ADC.oem4 (.text:ADC_convert)
                  01009a7e    0000000a     driverlib.a : interrupt.obj (.text:IntMasterEnable)
                  01009a88    0000000a     drivers_cc32xx.aem4 : Timer.oem4 (.text:Timer_start)
                  01009a92    0000000a                         : UART.oem4 (.text:UART_write)
                  01009a9c    0000000a     rtsv7M4_T_le_eabi.lib : sprintf.c.obj (.text:_outc)
                  01009aa6    0000000a     main_freertos.obj (.text:vApplicationStackOverflowHook)
                  01009ab0    00000008     drivers_cc32xx.aem4 : ADCCC32XX.oem4 (.text:ADCCC32XX_init)
                  01009ab8    00000008     driverlib.a : prcm.obj (.text:PRCMSleepEnter)
                  01009ac0    00000008     rtsv7M4_T_le_eabi.lib : errno.c.obj (.text:__aeabi_errno_addr)
                  01009ac8    00000008     drivers_cc32xx.aem4 : UARTCC32XX.oem4 (.text:readSemCallback)
                  01009ad0    00000008                         : UARTCC32XX.oem4 (.text:writeSemCallback)
                  01009ad8    00000006                         : ADCCC32XX.oem4 (.text:ADCCC32XX_control)
                  01009ade    00000006                         : TimerCC32XX.oem4 (.text:TimerCC32XX_control)
                  01009ae4    00000006     driverlib.a : utils.obj (.text:UtilsDelay)
                  01009aea    00000004     rtsv7M4_T_le_eabi.lib : pre_init.c.obj (.text:_system_pre_init)
                  01009aee    00000004                           : exit.c.obj (.text:abort:abort)

.const     0    01009af4    0000060a     
                  01009af4    00000101     rtsv7M4_T_le_eabi.lib : ctype.c.obj (.const:.string:_ctypes_)
                  01009bf5    00000003     --HOLE-- [fill = 0]
                  01009bf8    00000100     driverlib.a : pin.obj (.const:g_ulPinToPadMap)
                  01009cf8    000000d4                 : interrupt.obj (.const:g_pulRegs)
                  01009dcc    000000a8                 : prcm.obj (.const:PRCM_PeriphRegsList)
                  01009e74    00000040     ti_drivers_config.obj (.const:PowerCC32XX_config)
                  01009eb4    00000028     drivers_cc32xx.aem4 : UARTCC32XX.oem4 (.const:UARTCC32XX_fxnTable)
                  01009edc    00000024                         : UART.oem4 (.const:UART_defaultParams)
                  01009f00    00000024     ti_drivers_config.obj (.const:uartCC32XXHWAttrs0)
                  01009f24    00000021     drivers_cc32xx.aem4 : GPIOCC32XX.oem4 (.const:.string:pinTable)
                  01009f45    00000003     --HOLE-- [fill = 0]
                  01009f48    00000020                         : TimerCC32XX.oem4 (.const:TimerCC32XX_fxnTable)
                  01009f68    00000020                         : UARTCC32XX.oem4 (.const:staticFxnTable)
                  01009f88    00000020     ti_drivers_config.obj (.const:timerCC32XXHWAttrs)
                  01009fa8    00000018     drivers_cc32xx.aem4 : ADCCC32XX.oem4 (.const:ADCCC32XX_fxnTable)
                  01009fc0    00000018     ti_drivers_config.obj (.const:Timer_config)
                  01009fd8    00000018     driverlib.a : interrupt.obj (.const:g_pulDisRegs)
                  01009ff0    00000018                 : interrupt.obj (.const:g_pulEnRegs)
                  0100a008    00000018                 : interrupt.obj (.const:g_pulUnpendRegs)
                  0100a020    00000014     ti_drivers_config.obj (.const:GPIOCC32XX_config)
                  0100a034    00000014     drivers_cc32xx.aem4 : GPIOCC32XX.oem4 (.const:gpioBaseAddresses)
                  0100a048    00000014                         : UARTCC32XX.oem4 (.const:parityType)
                  0100a05c    00000014                         : GPIOCC32XX.oem4 (.const:powerResources)
                  0100a070    00000011     ti_drivers_config.obj (.const)
                  0100a081    00000003     --HOLE-- [fill = 0]
                  0100a084    00000010     drivers_cc32xx.aem4 : UARTCC32XX.oem4 (.const:dataLength)
                  0100a094    0000000c     ti_drivers_config.obj (.const:ADC_config)
                  0100a0a0    0000000c     ti_drivers_config.obj (.const:UART_config)
                  0100a0ac    0000000c     drivers_cc32xx.aem4 : Timer.oem4 (.const:defaultParams)
                  0100a0b8    00000008                         : ADC.oem4 (.const:ADC_defaultParams)
                  0100a0c0    00000008     freertos_builds_CC3220SF_LAUNCHXL_release_ccs.lib : port.obj (.const)
                  0100a0c8    00000008     drivers_cc32xx.aem4 : GPIOCC32XX.oem4 (.const:outPinTypes)
                  0100a0d0    00000008                         : UARTCC32XX.oem4 (.const:stopBits)
                  0100a0d8    00000006                         : GPIOCC32XX.oem4 (.const:.string:interruptType)
                  0100a0de    00000006                         : GPIOCC32XX.oem4 (.const:inPinTypes)
                  0100a0e4    00000006                         : GPIOCC32XX.oem4 (.const:outPinStrengths)
                  0100a0ea    00000004                         : GPIOCC32XX.oem4 (.const:.string:portInterruptIds)
                  0100a0ee    00000002     --HOLE-- [fill = 0]
                  0100a0f0    00000004     ti_drivers_config.obj (.const:adcCC32XXHWAttrs)
                  0100a0f4    00000004     freertos_builds_CC3220SF_LAUNCHXL_release_ccs.lib : pthread.obj (.const)
                  0100a0f8    00000004                                                       : tasks.obj (.const)
                  0100a0fc    00000002                                                       : pthread.obj (.const:.string)

.cinit     0    0100a100    00000110     
                  0100a100    000000ec     (.cinit..data.load) [load image, compression = lzss]
                  0100a1ec    0000000c     (__TI_handler_table)
                  0100a1f8    00000008     (.cinit..bss.load) [load image, compression = zero_init]
                  0100a200    00000010     (__TI_cinit_table)

.init_array 
*          0    01000800    00000000     UNINITIALIZED

.ramVecs   0    20000000    0000030c     NOLOAD SECTION
                  20000000    0000030c     freertos_builds_CC3220SF_LAUNCHXL_release_ccs.lib : startup_cc32xx_ccs.obj (.ramVecs)

.bss       0    2000030c    00008424     UNINITIALIZED
                  2000030c    00008000     freertos_builds_CC3220SF_LAUNCHXL_release_ccs.lib : heap_4.obj (.bss:ucHeap)
                  2000830c    0000012c     (.common:PowerCC32XX_contextSave)
                  20008438    000000c8                                                       : tasks.obj (.bss:pxReadyTasksLists)
                  20008500    00000084     (.common:uartCC32XXObjects0)
                  20008584    00000068     (.common:timerCC32XXObjects)
                  200085ec    00000032     sensor_thread_state.obj (.bss:msguart$2)
                  2000861e    00000020     drivers_cc32xx.aem4 : GPIOCC32XX.oem4 (.bss:gpioCallbackInfo)
                  2000863e    00000020     ti_drivers_config.obj (.bss:uartCC32XXRingBuffer0)
                  2000865e    00000002     --HOLE--
                  20008660    00000014     drivers_cc32xx.aem4 : GPIOCC32XX.oem4 (.bss:powerNotifyObj)
                  20008674    00000014     freertos_builds_CC3220SF_LAUNCHXL_release_ccs.lib : timers.obj (.bss:xActiveTimerList1)
                  20008688    00000014                                                       : timers.obj (.bss:xActiveTimerList2)
                  2000869c    00000014                                                       : tasks.obj (.bss:xDelayedTaskList1)
                  200086b0    00000014                                                       : tasks.obj (.bss:xDelayedTaskList2)
                  200086c4    00000014                                                       : tasks.obj (.bss:xPendingReadyList)
                  200086d8    00000014                                                       : tasks.obj (.bss:xSuspendedTaskList)
                  200086ec    00000014                                                       : tasks.obj (.bss:xTasksWaitingTermination)
                  20008700    0000000c     sensor_thread_state.obj (.bss:msg$1)
                  2000870c    00000008     freertos_builds_CC3220SF_LAUNCHXL_release_ccs.lib : tasks.obj (.bss)
                  20008714    00000008                                                       : timers.obj (.bss)
                  2000871c    00000008                                                       : heap_4.obj (.bss:xStart)
                  20008724    00000004     drivers_cc32xx.aem4 : GPIOCC32XX.oem4 (.bss)
                  20008728    00000004                         : TimerCC32XX.oem4 (.bss:timerState)
                  2000872c    00000004     (.common:adcCC32XXObjects)

.data      0    20008730    00000b64     UNINITIALIZED
                  20008730    00000800     freertos_builds_CC3220SF_LAUNCHXL_release_ccs.lib : HwiPCC32XX_freertos.obj (.data:HwiP_dispatchTable)
                  20008f30    0000016c     drivers_cc32xx.aem4 : PowerCC32XX.oem4 (.data:PowerCC32XX_module)
                  2000909c    000000f8     ti_drivers_config.obj (.data:parkInfo)
                  20009194    00000034     freertos_builds_CC3220SF_LAUNCHXL_release_ccs.lib : tasks.obj (.data)
                  200091c8    00000028     ti_drivers_config.obj (.data:gpioCallbackFunctions)
                  200091f0    00000028     ti_drivers_config.obj (.data:gpioPinConfigs)
                  20009218    00000018     freertos_builds_CC3220SF_LAUNCHXL_release_ccs.lib : heap_4.obj (.data)
                  20009230    00000018                                                       : port.obj (.data)
                  20009248    00000014                                                       : pthread.obj (.data:defaultPthreadAttrs)
                  2000925c    0000000c                                                       : timers.obj (.data)
                  20009268    00000009     drivers_cc32xx.aem4 : GPIOCC32XX.oem4 (.data)
                  20009271    00000001                         : ADC.oem4 (.data)
                  20009272    00000001                         : Timer.oem4 (.data)
                  20009273    00000001                         : UART.oem4 (.data)
                  20009274    00000008                         : ADCCC32XX.oem4 (.data:state)
                  2000927c    00000004     freertos_builds_CC3220SF_LAUNCHXL_release_ccs.lib : ClockP_freertos.obj (.data)
                  20009280    00000004                                                       : HwiPCC32XX_freertos.obj (.data)
                  20009284    00000004                                                       : PowerCC32XX_freertos.obj (.data)
                  20009288    00000004     rtsv7M4_T_le_eabi.lib : errno.c.obj (.data)
                  2000928c    00000004     sensor_thread_queue.obj (.data)
                  20009290    00000004     uart_thread_queue.obj (.data)

.stack     0    2003fc00    00000400     UNINITIALIZED
                  2003fc00    00000004     rtsv7M4_T_le_eabi.lib : boot_cortex_m.c.obj (.stack)
                  2003fc04    000003fc     --HOLE--

__llvm_prf_cnts 
*          0    20000000    00000000     UNINITIALIZED

.binit     0    01000000    00000000     

MODULE SUMMARY

       Module                       code    ro data   rw data
       ------                       ----    -------   -------
    .\
       sensor_thread_state.obj      392     0         62     
       debug.obj                    422     0         0      
       timer70.obj                  294     0         0      
       sensor_thread_queue.obj      176     0         4      
       uart_thread_queue.obj        176     0         4      
       timer500.obj                 162     0         0      
       main_freertos.obj            146     0         0      
       uart_thread.obj              118     0         0      
       sensor_task.obj              18      0         0      
    +--+----------------------------+-------+---------+---------+
       Total:                       1904    0         70     
                                                             
    .\syscfg\
       ti_drivers_config.obj        18      233       600    
    +--+----------------------------+-------+---------+---------+
       Total:                       18      233       600    
                                                             
    C:/Users/Jacob Carroll/workspace_alpha/freertos_builds_CC3220SF_LAUNCHXL_release_ccs/Debug/freertos_builds_CC3220SF_LAUNCHXL_release_ccs.lib
       heap_4.obj                   944     0         32800  
       tasks.obj                    5476    4         360    
       queue.obj                    3280    0         0      
       HwiPCC32XX_freertos.obj      344     0         2052   
       timers.obj                   1428    0         60     
       startup_cc32xx_ccs.obj       106     64        780    
       pthread.obj                  798     6         20     
       port.obj                     700     8         24     
       ClockP_freertos.obj          646     0         4      
       PowerCC32XX_freertos.obj     454     0         4      
       list.obj                     298     0         0      
       SemaphoreP_freertos.obj      250     0         0      
       portasm.obj                  186     0         0      
       PTLS.obj                     26      0         0      
    +--+----------------------------+-------+---------+---------+
       Total:                       14936   82        36104  
                                                             
    C:/simplelink_cc32xx_sdk_4_20_00_07/source/ti/devices/cc32xx/driverlib/ccs/Release/driverlib.a
       prcm.obj                     1756    168       0      
       interrupt.obj                608     284       0      
       pin.obj                      280     256       0      
       timer.obj                    264     0         0      
       flash.obj                    72      0         0      
       uart.obj                     48      0         0      
       cpu.obj                      32      0         0      
       systick.obj                  32      0         0      
       utils.obj                    6       0         0      
    +--+----------------------------+-------+---------+---------+
       Total:                       3098    708       0      
                                                             
    C:/simplelink_cc32xx_sdk_4_20_00_07/source/ti/drivers/lib/drivers_cc32xx.aem4
       UARTCC32XX.oem4              3458    116       0      
       PowerCC32XX.oem4             2386    0         664    
       GPIOCC32XX.oem4              1308    103       65     
       TimerCC32XX.oem4             1132    32        4      
       ADCCC32XX.oem4               410     24        8      
       UART.oem4                    166     36        1      
       RingBuf.oem4                 198     0         0      
       ADC.oem4                     162     8         1      
       Timer.oem4                   158     12        1      
       PowerCC32XX_asm.oem4         150     0         0      
       List.oem4                    76      0         0      
    +--+----------------------------+-------+---------+---------+
       Total:                       9604    331       744    
                                                             
    C:\ti\ccs1040\ccs\tools\compiler\ti-cgt-arm_20.2.5.LTS\lib\rtsv7M4_T_le_eabi.lib
       _printfi.c.obj               4835    0         0      
       fd_add_t2.asm.obj            438     0         0      
       fd_div_t2.asm.obj            310     0         0      
       fd_cmp_t2.asm.obj            268     0         0      
       ctype.c.obj                  0       257       0      
       fd_mul_t2.asm.obj            252     0         0      
       s_scalbn.c.obj               208     0         0      
       fs_cmp_t2.asm.obj            192     0         0      
       memcpy_t2.asm.obj            156     0         0      
       ull_div_t2.asm.obj           150     0         0      
       memset_t2.asm.obj            122     0         0      
       copy_decompress_lzss.c.obj   104     0         0      
       sprintf.c.obj                98      0         0      
       s_frexp.c.obj                92      0         0      
       _ltoa.c.obj                  84      0         0      
       atoi.c.obj                   76      0         0      
       fd_toi_t2.asm.obj            72      0         0      
       autoinit.c.obj               68      0         0      
       fd_tou_t2.asm.obj            68      0         0      
       fs_toi_t2.asm.obj            56      0         0      
       i_tofd_t2.asm.obj            46      0         0      
       boot_cortex_m.c.obj          36      0         0      
       u_tofs_t2.asm.obj            36      0         0      
       u_tofd_t2.asm.obj            32      0         0      
       memccpy.c.obj                28      0         0      
       ll_mul_t2.asm.obj            24      0         0      
       strchr.c.obj                 22      0         0      
       strlen.c.obj                 20      0         0      
       wcslen.c.obj                 18      0         0      
       copy_decompress_none.c.obj   14      0         0      
       copy_zero_init.c.obj         12      0         0      
       errno.c.obj                  8       0         4      
       s_copysign.c.obj             12      0         0      
       exit.c.obj                   4       0         0      
       pre_init.c.obj               4       0         0      
       div0.asm.obj                 2       0         0      
    +--+----------------------------+-------+---------+---------+
       Total:                       7967    257       4      
                                                             
       Stack:                       0       0         1024   
       Linker Generated:            0       272       0      
    +--+----------------------------+-------+---------+---------+
       Grand Total:                 37527   1883      38546  


LINKER GENERATED COPY TABLES

__TI_cinit_table @ 0100a200 records: 2, size/record: 8, table size: 16
	.data: load addr=0100a100, load size=000000ec bytes, run addr=20008730, run size=00000b64 bytes, compression=lzss
	.bss: load addr=0100a1f8, load size=00000008 bytes, run addr=2000030c, run size=00008424 bytes, compression=zero_init


LINKER GENERATED HANDLER TABLE

__TI_handler_table @ 0100a1ec records: 3, size/record: 4, table size: 12
	index: 0, handler: __TI_decompress_lzss
	index: 1, handler: __TI_decompress_none
	index: 2, handler: __TI_zero_init


GLOBAL SYMBOLS: SORTED ALPHABETICALLY BY Name 

address   name                               
-------   ----                               
01006b81  ADCCC32XX_close                    
01009ad9  ADCCC32XX_control                  
010070b1  ADCCC32XX_convert                  
0100943d  ADCCC32XX_convertToMicroVolts      
01009fa8  ADCCC32XX_fxnTable                 
01009ab1  ADCCC32XX_init                     
01005f71  ADCCC32XX_open                     
01009a61  ADC_Params_init                    
01009a6b  ADC_close                          
0100a094  ADC_config                         
01009a75  ADC_convert                        
0100a071  ADC_count                          
0100a0b8  ADC_defaultParams                  
010083a9  ADC_init                           
01008695  ADC_open                           
01000000  Board_debugHeader                  
01009947  Board_init                         
0100128f  Board_initHook                     
01009aef  C$$EXIT                            
0100a070  CONFIG_ADC_0_CONST                 
0100a072  CONFIG_GPIO_LED_0_CONST            
0100a073  CONFIG_GPIO_LED_1_CONST            
0100a07c  CONFIG_TIMER_0_CONST               
0100a07d  CONFIG_TIMER_1_CONST               
0100a07f  CONFIG_UART_0_CONST                
01009811  CPUcpsie                           
010099f3  CPUwfi                             
010095f3  ClockP_Params_init                 
01008855  ClockP_callbackFxn                 
01005bc9  ClockP_create                      
010079cd  ClockP_delete                      
0100945d  ClockP_getCpuFreq                  
01009957  ClockP_getSystemTickPeriod         
0100978d  ClockP_setTimeout                  
0100955d  ClockP_start                       
01007115  ClockP_stop                        
01008005  FlashDisable                       
0100a020  GPIOCC32XX_config                  
0100a074  GPIO_0_P03_CONST                   
0100a075  GPIO_1_P05_CONST                   
0100a076  GPIO_2_P06_CONST                   
0100a077  GPIO_3_P07_CONST                   
0100a078  GPIO_4_P08_CONST                   
0100a079  GPIO_5_P18_CONST                   
0100a07a  GPIO_6_P21_CONST                   
0100a07b  GPIO_7_P50_CONST                   
01007d59  GPIO_enableInt                     
0100683d  GPIO_hwiIntFxn                     
01004c71  GPIO_init                          
010074e9  GPIO_setCallback                   
01001d95  GPIO_setConfig                     
01007179  GPIO_toggle                        
01007711  GPIO_write                         
0100957b  HwiP_Params_init                   
010099ff  HwiP_clearInterrupt                
01007369  HwiP_create                        
010098ed  HwiP_delete                        
01008fd1  HwiP_disable                       
0100804d  HwiP_dispatch                      
20008730  HwiP_dispatchTable                 
0100912d  HwiP_inISR                         
0100947d  HwiP_restore                       
0100573d  IntDisable                         
010057e5  IntEnable                          
01009a7f  IntMasterEnable                    
01007769  IntPendClear                       
01007a21  IntPrioritySet                     
0100949d  IntRegister                        
010092b5  IntUnregister                      
01009825  IntVTableBaseSet                   
0100921d  List_put                           
01009243  List_remove                        
01001291  PRCMCC3200MCUInit                  
010097a3  PRCMHIBRegRead                     
010097b9  PRCMHIBRegWrite                    
01008095  PRCMLPDSEnter                      
01008af1  PRCMLPDSEnterKeepDebugIf           
01008ffd  PRCMLPDSIntervalSet                
010083ed  PRCMLPDSRestoreInfoSet             
01009155  PRCMLPDSWakeupSourceEnable         
0100917d  PRCMPeripheralClkDisable           
010080dd  PRCMPeripheralClkEnable            
010077c1  PRCMPeripheralReset                
01009ab9  PRCMSleepEnter                     
01008911  PRCMSlowClkCtrFastGet              
010073c9  PRCMSysResetCauseGet               
01009681  PTLS_taskDeleteHook                
01006095  PinConfigSet                       
01008ce5  PinModeGet                         
010086d5  PinModeSet                         
01009611  PinToPadGet                        
01009e74  PowerCC32XX_config                 
0100588d  PowerCC32XX_configureWakeup        
2000830c  PowerCC32XX_contextSave            
01008431  PowerCC32XX_enterLPDS              
01009029  PowerCC32XX_getParkState           
0100368b  PowerCC32XX_initPolicy             
20008f30  PowerCC32XX_module                 
01007da5  PowerCC32XX_parkPin                
010092d9  PowerCC32XX_reset                  
01008d19  PowerCC32XX_restoreParkState       
01008e83  PowerCC32XX_restoreParkedPin       
01007b71  PowerCC32XX_resumeLPDS             
010071dd  PowerCC32XX_setParkState           
01002851  PowerCC32XX_sleepPolicy            
01009a0d  Power_getConstraintMask            
01009839  Power_getDependencyCount           
010099c9  Power_getTransitionLatency         
010096b5  Power_idleFunc                     
010063c1  Power_init                         
010091a5  Power_registerNotify               
01008125  Power_releaseConstraint            
01007819  Power_releaseDependency            
0100894d  Power_setConstraint                
010065d1  Power_setDependency                
0100368d  Power_sleep                        
010094bd  Power_unregisterNotify             
010098ff  RingBuf_construct                  
01008715  RingBuf_get                        
010099d7  RingBuf_isFull                     
010094dd  RingBuf_peek                       
010082d5  RingBuf_put                        
010097cf  SemaphoreP_Params_init             
010078c9  SemaphoreP_create                  
01009055  SemaphoreP_createBinary            
01009a19  SemaphoreP_delete                  
01008d4d  SemaphoreP_pend                    
010093f9  SemaphoreP_post                    
01009969  SysTickDisable                     
01009979  SysTickEnable                      
01007c69  TimerCC32XX_allocateTimerResource  
01008ab5  TimerCC32XX_close                  
01009adf  TimerCC32XX_control                
01008d81  TimerCC32XX_freeTimerResource      
01009f48  TimerCC32XX_fxnTable               
010096cd  TimerCC32XX_getCount               
01003a33  TimerCC32XX_init                   
01003a35  TimerCC32XX_open                   
0100611d  TimerCC32XX_setPeriod              
010068b5  TimerCC32XX_start                  
0100791f  TimerCC32XX_stop                   
01008c41  TimerControlStall                  
01009599  TimerDisable                       
010095b7  TimerEnable                        
01009911  TimerIntClear                      
010096e5  TimerIntDisable                    
010096fd  TimerIntEnable                     
010090d9  TimerLoadSet                       
01009103  TimerPrescaleSet                   
01009989  Timer_Params_init                  
01009fc0  Timer_config                       
0100a07e  Timer_count                        
01008475  Timer_init                         
01008755  Timer_open                         
01009a89  Timer_start                        
01009715  UARTBusy                           
01003c85  UARTCC32XX_close                   
0100481f  UARTCC32XX_control                 
01009eb4  UARTCC32XX_fxnTable                
01004323  UARTCC32XX_init                    
010016bd  UARTCC32XX_open                    
01008795  UARTCC32XX_read                    
01008c77  UARTCC32XX_readCancel              
0100502d  UARTCC32XX_readPolling             
01004ba5  UARTCC32XX_write                   
01006fe5  UARTCC32XX_writeCancel             
010072a5  UARTCC32XX_writePolling            
0100972d  UARTIntEnable                      
01009745  UART_Params_init                   
0100a0a0  UART_config                        
0100a080  UART_count                         
01009edc  UART_defaultParams                 
010084b9  UART_init                          
010087d5  UART_open                          
01009a93  UART_write                         
01009ae5  UtilsDelay                         
20040000  __STACK_END                        
00000400  __STACK_SIZE                       
0100a200  __TI_CINIT_Base                    
0100a210  __TI_CINIT_Limit                   
0100a1ec  __TI_Handler_Table_Base            
0100a1f8  __TI_Handler_Table_Limit           
010084fd  __TI_auto_init_nobinit_nopinit     
01006f13  __TI_decompress_lzss               
010099e5  __TI_decompress_none               
01007a75  __TI_ltoa                          
ffffffff  __TI_pprof_out_hndl                
01000841  __TI_printfi                       
ffffffff  __TI_prof_data_size                
ffffffff  __TI_prof_data_start               
0100a100  __TI_static_base__                 
01009a31  __TI_zero_init                     
010062b5  __aeabi_cdcmpeq                    
010062b5  __aeabi_cdcmple                    
0100633b  __aeabi_cdrcmple                   
01007429  __aeabi_cfcmpeq                    
01007429  __aeabi_cfcmple                    
01007489  __aeabi_cfrcmple                   
01008245  __aeabi_d2iz                       
0100860d  __aeabi_d2uiz                      
010026a3  __aeabi_dadd                       
010038fd  __aeabi_ddiv                       
0100462d  __aeabi_dmul                       
01002699  __aeabi_dsub                       
01009ac1  __aeabi_errno_addr                 
01008c09  __aeabi_f2iz                       
01008fa3  __aeabi_i2d                        
01005f6f  __aeabi_idiv0                      
01005f6f  __aeabi_ldiv0                      
01009775  __aeabi_lmul                       
01006747  __aeabi_memclr                     
01006747  __aeabi_memclr4                    
01006747  __aeabi_memclr8                    
01005d09  __aeabi_memcpy                     
01005d09  __aeabi_memcpy4                    
01005d09  __aeabi_memcpy8                    
01006749  __aeabi_memset                     
01006749  __aeabi_memset4                    
01006749  __aeabi_memset8                    
0100953d  __aeabi_ui2d                       
0100938d  __aeabi_ui2f                       
01005ed9  __aeabi_uldivmod                   
ffffffff  __binit__                          
ffffffff  __c_args__                         
UNDEFED   __mpu_init                         
2003fc00  __stack                            
20000000  __start___llvm_prf_cnts            
20000000  __stop___llvm_prf_cnts             
010092fd  _c_int00_noargs                    
01009af4  _ctypes_                           
01009269  _pthread_cleanup_pop               
UNDEFED   _system_post_cinit                 
01009aeb  _system_pre_init                   
01009aef  abort                              
0100a0f0  adcCC32XXHWAttrs                   
2000872c  adcCC32XXObjects                   
01007df1  atoi                               
ffffffff  binit                              
01008989  convert_V_to_in                    
01009a25  copysign                           
01009a25  copysignl                          
01005c69  dbgEvent                           
01007cb9  dbgInit                            
01006f7d  eTaskConfirmSleepModeStatus        
20009288  errno                              
0100525d  fatalError                         
01007545  frexp                              
01007545  frexpl                             
200091c8  gpioCallbackFunctions              
200091f0  gpioPinConfigs                     
0100a0de  inPinTypes                         
01007e3d  initVectors                        
01009321  init_sensor_queue                  
01009345  init_uart_queue                    
01004ad5  ldexp                              
01004ad5  ldexpl                             
010061a5  main                               
0100962d  memccpy                            
01005d09  memcpy                             
0100674f  memset                             
0100a0e4  outPinStrengths                    
0100a0c8  outPinTypes                        
2000909c  parkInfo                           
01008541  pop_sensor_msg                     
01008585  pop_uart_msg                       
01009649  pthread_attr_init                  
0100941b  pthread_attr_setdetachstate        
010091cd  pthread_attr_setschedparam         
01009861  pthread_attr_setstacksize          
010037c5  pthread_create                     
010075fd  pthread_exit                       
01009875  pthread_self                       
010088d1  pthread_setcancelstate             
010081b5  push_sensor_msg                    
010081fd  push_uart_msg                      
01002a01  pvPortMalloc                       
01008a01  pvTaskGetThreadLocalStoragePointer 
01009665  pvTaskIncrementMutexHeldCount      
01008f75  pvTimerGetTimerID                  
20009194  pxCurrentTCB                       
01007d09  pxPortInitialiseStack              
010097e5  resetISR                           
010097f4  resetVectorAddr                    
01000800  resetVectors                       
01004ad5  scalbn                             
01004ad5  scalbnl                            
01009923  sensorTask                         
01002ba5  sensorThreadState                  
01008815  sprintf                            
010097fb  strchr                             
0100989d  strlen                             
01008e51  timer500Callback                   
01006e35  timer500Init                       
01006a95  timer70Callback                    
01006cdd  timer70Init                        
01009f88  timerCC32XXHWAttrs                 
20008584  timerCC32XXObjects                 
20008500  uartCC32XXObjects0                 
01006b0b  uartTask                           
0100a0c0  ulMaxSyscallInterruptPriority      
010050f9  ulPortGetIPSR                      
0100828d  uxListRemove                       
0100a0f8  uxTopUsedPriority                  
01009aa7  vApplicationStackOverflowHook      
01008ee5  vListInitialise                    
010099a9  vListInitialiseItem                
0100704b  vListInsert                        
01008a3d  vListInsertEnd                     
01007fb9  vPortEnterCritical                 
01008f15  vPortExitCritical                  
010059dd  vPortFree                          
0100515d  vPortSVCHandler                    
01007871  vPortSetupTimerInterrupt           
01005181  vPortStartFirstTask                
010098b1  vPortSuppressTicksAndSleep         
01006d51  vPortValidateInterruptPriority     
010093b1  vQueueDelete                       
01007659  vQueueWaitForMessageRestricted     
010076b5  vTaskDelay                         
0100452d  vTaskDelete                        
010093d5  vTaskInternalSetTimeOutState       
01009a55  vTaskMissedYield                   
01008e1d  vTaskPlaceOnEventList              
01006a1d  vTaskPlaceOnEventListRestricted    
010032cd  vTaskPriorityDisinheritAfterTimeout
01009081  vTaskSetApplicationTaskTag         
01005da5  vTaskStartScheduler                
01008651  vTaskStepTick                      
01003fe5  vTaskSuspend                       
010099b9  vTaskSuspendAll                    
010049f9  vTaskSwitchContext                 
01009935  wcslen                             
01005111  xPortPendSVHandler                 
01004df5  xPortStartScheduler                
010090ad  xPortSysTickHandler                
01008361  xQueueCreateCountingSemaphore      
0100654d  xQueueGenericCreate                
01004429  xQueueGenericReset                 
010024e1  xQueueGenericSend                  
01003b5d  xQueueGenericSendFromISR           
01004215  xQueueGiveFromISR                  
01002eb5  xQueueReceive                      
01004729  xQueueReceiveFromISR               
01001f79  xQueueSemaphoreTake                
010053c9  xTaskCheckForTimeOut               
010067c1  xTaskCreate                        
010091f5  xTaskGetApplicationTaskTag         
010098c5  xTaskGetCurrentTaskHandle          
01008f45  xTaskGetSchedulerState             
010098d9  xTaskGetTickCount                  
01001ba5  xTaskIncrementTick                 
010040fd  xTaskPriorityDisinherit            
01003ec5  xTaskPriorityInherit               
01002d2d  xTaskRemoveFromEventList           
01002315  xTaskResumeAll                     
01008a79  xTimerCreate                       
01007b1d  xTimerCreateTimerTask              
010064c9  xTimerGenericCommand               


GLOBAL SYMBOLS: SORTED BY Symbol Address 

address   name                               
-------   ----                               
00000400  __STACK_SIZE                       
01000000  Board_debugHeader                  
01000800  resetVectors                       
01000841  __TI_printfi                       
0100128f  Board_initHook                     
01001291  PRCMCC3200MCUInit                  
010016bd  UARTCC32XX_open                    
01001ba5  xTaskIncrementTick                 
01001d95  GPIO_setConfig                     
01001f79  xQueueSemaphoreTake                
01002315  xTaskResumeAll                     
010024e1  xQueueGenericSend                  
01002699  __aeabi_dsub                       
010026a3  __aeabi_dadd                       
01002851  PowerCC32XX_sleepPolicy            
01002a01  pvPortMalloc                       
01002ba5  sensorThreadState                  
01002d2d  xTaskRemoveFromEventList           
01002eb5  xQueueReceive                      
010032cd  vTaskPriorityDisinheritAfterTimeout
0100368b  PowerCC32XX_initPolicy             
0100368d  Power_sleep                        
010037c5  pthread_create                     
010038fd  __aeabi_ddiv                       
01003a33  TimerCC32XX_init                   
01003a35  TimerCC32XX_open                   
01003b5d  xQueueGenericSendFromISR           
01003c85  UARTCC32XX_close                   
01003ec5  xTaskPriorityInherit               
01003fe5  vTaskSuspend                       
010040fd  xTaskPriorityDisinherit            
01004215  xQueueGiveFromISR                  
01004323  UARTCC32XX_init                    
01004429  xQueueGenericReset                 
0100452d  vTaskDelete                        
0100462d  __aeabi_dmul                       
01004729  xQueueReceiveFromISR               
0100481f  UARTCC32XX_control                 
010049f9  vTaskSwitchContext                 
01004ad5  ldexp                              
01004ad5  ldexpl                             
01004ad5  scalbn                             
01004ad5  scalbnl                            
01004ba5  UARTCC32XX_write                   
01004c71  GPIO_init                          
01004df5  xPortStartScheduler                
0100502d  UARTCC32XX_readPolling             
010050f9  ulPortGetIPSR                      
01005111  xPortPendSVHandler                 
0100515d  vPortSVCHandler                    
01005181  vPortStartFirstTask                
0100525d  fatalError                         
010053c9  xTaskCheckForTimeOut               
0100573d  IntDisable                         
010057e5  IntEnable                          
0100588d  PowerCC32XX_configureWakeup        
010059dd  vPortFree                          
01005bc9  ClockP_create                      
01005c69  dbgEvent                           
01005d09  __aeabi_memcpy                     
01005d09  __aeabi_memcpy4                    
01005d09  __aeabi_memcpy8                    
01005d09  memcpy                             
01005da5  vTaskStartScheduler                
01005ed9  __aeabi_uldivmod                   
01005f6f  __aeabi_idiv0                      
01005f6f  __aeabi_ldiv0                      
01005f71  ADCCC32XX_open                     
01006095  PinConfigSet                       
0100611d  TimerCC32XX_setPeriod              
010061a5  main                               
010062b5  __aeabi_cdcmpeq                    
010062b5  __aeabi_cdcmple                    
0100633b  __aeabi_cdrcmple                   
010063c1  Power_init                         
010064c9  xTimerGenericCommand               
0100654d  xQueueGenericCreate                
010065d1  Power_setDependency                
01006747  __aeabi_memclr                     
01006747  __aeabi_memclr4                    
01006747  __aeabi_memclr8                    
01006749  __aeabi_memset                     
01006749  __aeabi_memset4                    
01006749  __aeabi_memset8                    
0100674f  memset                             
010067c1  xTaskCreate                        
0100683d  GPIO_hwiIntFxn                     
010068b5  TimerCC32XX_start                  
01006a1d  vTaskPlaceOnEventListRestricted    
01006a95  timer70Callback                    
01006b0b  uartTask                           
01006b81  ADCCC32XX_close                    
01006cdd  timer70Init                        
01006d51  vPortValidateInterruptPriority     
01006e35  timer500Init                       
01006f13  __TI_decompress_lzss               
01006f7d  eTaskConfirmSleepModeStatus        
01006fe5  UARTCC32XX_writeCancel             
0100704b  vListInsert                        
010070b1  ADCCC32XX_convert                  
01007115  ClockP_stop                        
01007179  GPIO_toggle                        
010071dd  PowerCC32XX_setParkState           
010072a5  UARTCC32XX_writePolling            
01007369  HwiP_create                        
010073c9  PRCMSysResetCauseGet               
01007429  __aeabi_cfcmpeq                    
01007429  __aeabi_cfcmple                    
01007489  __aeabi_cfrcmple                   
010074e9  GPIO_setCallback                   
01007545  frexp                              
01007545  frexpl                             
010075fd  pthread_exit                       
01007659  vQueueWaitForMessageRestricted     
010076b5  vTaskDelay                         
01007711  GPIO_write                         
01007769  IntPendClear                       
010077c1  PRCMPeripheralReset                
01007819  Power_releaseDependency            
01007871  vPortSetupTimerInterrupt           
010078c9  SemaphoreP_create                  
0100791f  TimerCC32XX_stop                   
010079cd  ClockP_delete                      
01007a21  IntPrioritySet                     
01007a75  __TI_ltoa                          
01007b1d  xTimerCreateTimerTask              
01007b71  PowerCC32XX_resumeLPDS             
01007c69  TimerCC32XX_allocateTimerResource  
01007cb9  dbgInit                            
01007d09  pxPortInitialiseStack              
01007d59  GPIO_enableInt                     
01007da5  PowerCC32XX_parkPin                
01007df1  atoi                               
01007e3d  initVectors                        
01007fb9  vPortEnterCritical                 
01008005  FlashDisable                       
0100804d  HwiP_dispatch                      
01008095  PRCMLPDSEnter                      
010080dd  PRCMPeripheralClkEnable            
01008125  Power_releaseConstraint            
010081b5  push_sensor_msg                    
010081fd  push_uart_msg                      
01008245  __aeabi_d2iz                       
0100828d  uxListRemove                       
010082d5  RingBuf_put                        
01008361  xQueueCreateCountingSemaphore      
010083a9  ADC_init                           
010083ed  PRCMLPDSRestoreInfoSet             
01008431  PowerCC32XX_enterLPDS              
01008475  Timer_init                         
010084b9  UART_init                          
010084fd  __TI_auto_init_nobinit_nopinit     
01008541  pop_sensor_msg                     
01008585  pop_uart_msg                       
0100860d  __aeabi_d2uiz                      
01008651  vTaskStepTick                      
01008695  ADC_open                           
010086d5  PinModeSet                         
01008715  RingBuf_get                        
01008755  Timer_open                         
01008795  UARTCC32XX_read                    
010087d5  UART_open                          
01008815  sprintf                            
01008855  ClockP_callbackFxn                 
010088d1  pthread_setcancelstate             
01008911  PRCMSlowClkCtrFastGet              
0100894d  Power_setConstraint                
01008989  convert_V_to_in                    
01008a01  pvTaskGetThreadLocalStoragePointer 
01008a3d  vListInsertEnd                     
01008a79  xTimerCreate                       
01008ab5  TimerCC32XX_close                  
01008af1  PRCMLPDSEnterKeepDebugIf           
01008c09  __aeabi_f2iz                       
01008c41  TimerControlStall                  
01008c77  UARTCC32XX_readCancel              
01008ce5  PinModeGet                         
01008d19  PowerCC32XX_restoreParkState       
01008d4d  SemaphoreP_pend                    
01008d81  TimerCC32XX_freeTimerResource      
01008e1d  vTaskPlaceOnEventList              
01008e51  timer500Callback                   
01008e83  PowerCC32XX_restoreParkedPin       
01008ee5  vListInitialise                    
01008f15  vPortExitCritical                  
01008f45  xTaskGetSchedulerState             
01008f75  pvTimerGetTimerID                  
01008fa3  __aeabi_i2d                        
01008fd1  HwiP_disable                       
01008ffd  PRCMLPDSIntervalSet                
01009029  PowerCC32XX_getParkState           
01009055  SemaphoreP_createBinary            
01009081  vTaskSetApplicationTaskTag         
010090ad  xPortSysTickHandler                
010090d9  TimerLoadSet                       
01009103  TimerPrescaleSet                   
0100912d  HwiP_inISR                         
01009155  PRCMLPDSWakeupSourceEnable         
0100917d  PRCMPeripheralClkDisable           
010091a5  Power_registerNotify               
010091cd  pthread_attr_setschedparam         
010091f5  xTaskGetApplicationTaskTag         
0100921d  List_put                           
01009243  List_remove                        
01009269  _pthread_cleanup_pop               
010092b5  IntUnregister                      
010092d9  PowerCC32XX_reset                  
010092fd  _c_int00_noargs                    
01009321  init_sensor_queue                  
01009345  init_uart_queue                    
0100938d  __aeabi_ui2f                       
010093b1  vQueueDelete                       
010093d5  vTaskInternalSetTimeOutState       
010093f9  SemaphoreP_post                    
0100941b  pthread_attr_setdetachstate        
0100943d  ADCCC32XX_convertToMicroVolts      
0100945d  ClockP_getCpuFreq                  
0100947d  HwiP_restore                       
0100949d  IntRegister                        
010094bd  Power_unregisterNotify             
010094dd  RingBuf_peek                       
0100953d  __aeabi_ui2d                       
0100955d  ClockP_start                       
0100957b  HwiP_Params_init                   
01009599  TimerDisable                       
010095b7  TimerEnable                        
010095f3  ClockP_Params_init                 
01009611  PinToPadGet                        
0100962d  memccpy                            
01009649  pthread_attr_init                  
01009665  pvTaskIncrementMutexHeldCount      
01009681  PTLS_taskDeleteHook                
010096b5  Power_idleFunc                     
010096cd  TimerCC32XX_getCount               
010096e5  TimerIntDisable                    
010096fd  TimerIntEnable                     
01009715  UARTBusy                           
0100972d  UARTIntEnable                      
01009745  UART_Params_init                   
01009775  __aeabi_lmul                       
0100978d  ClockP_setTimeout                  
010097a3  PRCMHIBRegRead                     
010097b9  PRCMHIBRegWrite                    
010097cf  SemaphoreP_Params_init             
010097e5  resetISR                           
010097f4  resetVectorAddr                    
010097fb  strchr                             
01009811  CPUcpsie                           
01009825  IntVTableBaseSet                   
01009839  Power_getDependencyCount           
01009861  pthread_attr_setstacksize          
01009875  pthread_self                       
0100989d  strlen                             
010098b1  vPortSuppressTicksAndSleep         
010098c5  xTaskGetCurrentTaskHandle          
010098d9  xTaskGetTickCount                  
010098ed  HwiP_delete                        
010098ff  RingBuf_construct                  
01009911  TimerIntClear                      
01009923  sensorTask                         
01009935  wcslen                             
01009947  Board_init                         
01009957  ClockP_getSystemTickPeriod         
01009969  SysTickDisable                     
01009979  SysTickEnable                      
01009989  Timer_Params_init                  
010099a9  vListInitialiseItem                
010099b9  vTaskSuspendAll                    
010099c9  Power_getTransitionLatency         
010099d7  RingBuf_isFull                     
010099e5  __TI_decompress_none               
010099f3  CPUwfi                             
010099ff  HwiP_clearInterrupt                
01009a0d  Power_getConstraintMask            
01009a19  SemaphoreP_delete                  
01009a25  copysign                           
01009a25  copysignl                          
01009a31  __TI_zero_init                     
01009a55  vTaskMissedYield                   
01009a61  ADC_Params_init                    
01009a6b  ADC_close                          
01009a75  ADC_convert                        
01009a7f  IntMasterEnable                    
01009a89  Timer_start                        
01009a93  UART_write                         
01009aa7  vApplicationStackOverflowHook      
01009ab1  ADCCC32XX_init                     
01009ab9  PRCMSleepEnter                     
01009ac1  __aeabi_errno_addr                 
01009ad9  ADCCC32XX_control                  
01009adf  TimerCC32XX_control                
01009ae5  UtilsDelay                         
01009aeb  _system_pre_init                   
01009aef  C$$EXIT                            
01009aef  abort                              
01009af4  _ctypes_                           
01009e74  PowerCC32XX_config                 
01009eb4  UARTCC32XX_fxnTable                
01009edc  UART_defaultParams                 
01009f48  TimerCC32XX_fxnTable               
01009f88  timerCC32XXHWAttrs                 
01009fa8  ADCCC32XX_fxnTable                 
01009fc0  Timer_config                       
0100a020  GPIOCC32XX_config                  
0100a070  CONFIG_ADC_0_CONST                 
0100a071  ADC_count                          
0100a072  CONFIG_GPIO_LED_0_CONST            
0100a073  CONFIG_GPIO_LED_1_CONST            
0100a074  GPIO_0_P03_CONST                   
0100a075  GPIO_1_P05_CONST                   
0100a076  GPIO_2_P06_CONST                   
0100a077  GPIO_3_P07_CONST                   
0100a078  GPIO_4_P08_CONST                   
0100a079  GPIO_5_P18_CONST                   
0100a07a  GPIO_6_P21_CONST                   
0100a07b  GPIO_7_P50_CONST                   
0100a07c  CONFIG_TIMER_0_CONST               
0100a07d  CONFIG_TIMER_1_CONST               
0100a07e  Timer_count                        
0100a07f  CONFIG_UART_0_CONST                
0100a080  UART_count                         
0100a094  ADC_config                         
0100a0a0  UART_config                        
0100a0b8  ADC_defaultParams                  
0100a0c0  ulMaxSyscallInterruptPriority      
0100a0c8  outPinTypes                        
0100a0de  inPinTypes                         
0100a0e4  outPinStrengths                    
0100a0f0  adcCC32XXHWAttrs                   
0100a0f8  uxTopUsedPriority                  
0100a100  __TI_static_base__                 
0100a1ec  __TI_Handler_Table_Base            
0100a1f8  __TI_Handler_Table_Limit           
0100a200  __TI_CINIT_Base                    
0100a210  __TI_CINIT_Limit                   
20000000  __start___llvm_prf_cnts            
20000000  __stop___llvm_prf_cnts             
2000830c  PowerCC32XX_contextSave            
20008500  uartCC32XXObjects0                 
20008584  timerCC32XXObjects                 
2000872c  adcCC32XXObjects                   
20008730  HwiP_dispatchTable                 
20008f30  PowerCC32XX_module                 
2000909c  parkInfo                           
20009194  pxCurrentTCB                       
200091c8  gpioCallbackFunctions              
200091f0  gpioPinConfigs                     
20009288  errno                              
2003fc00  __stack                            
20040000  __STACK_END                        
ffffffff  __TI_pprof_out_hndl                
ffffffff  __TI_prof_data_size                
ffffffff  __TI_prof_data_start               
ffffffff  __binit__                          
ffffffff  __c_args__                         
ffffffff  binit                              
UNDEFED   __mpu_init                         
UNDEFED   _system_post_cinit                 

[358 symbols]
