<?xml version="1.0" encoding="ISO-8859-1" ?>
<link_info>
   <banner>TI ARM Linker PC v20.2.5.LTS</banner>
   <copyright>Copyright (c) 1996-2018 Texas Instruments Incorporated</copyright>
   <link_time>0x613928ba</link_time>
   <link_errors>0x0</link_errors>
   <output_file>timerled_CC3220SF_LAUNCHXL_freertos_ccs.out</output_file>
   <entry_point>
      <name>resetISR</name>
      <address>0x1005ecd</address>
   </entry_point>
   <input_file_list>
      <input_file id="fl-2">
         <path>.\</path>
         <kind>object</kind>
         <file>main_freertos.obj</file>
         <name>main_freertos.obj</name>
      </input_file>
      <input_file id="fl-3">
         <path>.\</path>
         <kind>object</kind>
         <file>timerled.obj</file>
         <name>timerled.obj</name>
      </input_file>
      <input_file id="fl-4">
         <path>.\syscfg\</path>
         <kind>object</kind>
         <file>ti_drivers_config.obj</file>
         <name>ti_drivers_config.obj</name>
      </input_file>
      <input_file id="fl-f">
         <kind>object</kind>
         <file>&lt;internal&gt;</file>
         <name>&lt;internal&gt;</name>
      </input_file>
      <input_file id="fl-10">
         <path>C:\ti\simplelink_cc32xx_sdk_4_20_00_07\source\ti\drivers\lib\</path>
         <kind>archive</kind>
         <file>drivers_cc32xx.aem4</file>
         <name>GPIOCC32XX.oem4</name>
      </input_file>
      <input_file id="fl-11">
         <path>C:\ti\simplelink_cc32xx_sdk_4_20_00_07\source\ti\drivers\lib\</path>
         <kind>archive</kind>
         <file>drivers_cc32xx.aem4</file>
         <name>PowerCC32XX.oem4</name>
      </input_file>
      <input_file id="fl-12">
         <path>C:\ti\simplelink_cc32xx_sdk_4_20_00_07\source\ti\drivers\lib\</path>
         <kind>archive</kind>
         <file>drivers_cc32xx.aem4</file>
         <name>PowerCC32XX_asm.oem4</name>
      </input_file>
      <input_file id="fl-13">
         <path>C:\ti\simplelink_cc32xx_sdk_4_20_00_07\source\ti\drivers\lib\</path>
         <kind>archive</kind>
         <file>drivers_cc32xx.aem4</file>
         <name>Timer.oem4</name>
      </input_file>
      <input_file id="fl-14">
         <path>C:\ti\simplelink_cc32xx_sdk_4_20_00_07\source\ti\drivers\lib\</path>
         <kind>archive</kind>
         <file>drivers_cc32xx.aem4</file>
         <name>TimerCC32XX.oem4</name>
      </input_file>
      <input_file id="fl-15">
         <path>C:\ti\simplelink_cc32xx_sdk_4_20_00_07\source\ti\drivers\lib\</path>
         <kind>archive</kind>
         <file>drivers_cc32xx.aem4</file>
         <name>List.oem4</name>
      </input_file>
      <input_file id="fl-16">
         <path>C:\Users\patsk\NewWorkspace\freertos_builds_CC3220SF_LAUNCHXL_release_ccs\Debug\</path>
         <kind>archive</kind>
         <file>freertos_builds_CC3220SF_LAUNCHXL_release_ccs.lib</file>
         <name>ClockP_freertos.obj</name>
      </input_file>
      <input_file id="fl-17">
         <path>C:\Users\patsk\NewWorkspace\freertos_builds_CC3220SF_LAUNCHXL_release_ccs\Debug\</path>
         <kind>archive</kind>
         <file>freertos_builds_CC3220SF_LAUNCHXL_release_ccs.lib</file>
         <name>HwiPCC32XX_freertos.obj</name>
      </input_file>
      <input_file id="fl-18">
         <path>C:\Users\patsk\NewWorkspace\freertos_builds_CC3220SF_LAUNCHXL_release_ccs\Debug\</path>
         <kind>archive</kind>
         <file>freertos_builds_CC3220SF_LAUNCHXL_release_ccs.lib</file>
         <name>PowerCC32XX_freertos.obj</name>
      </input_file>
      <input_file id="fl-19">
         <path>C:\Users\patsk\NewWorkspace\freertos_builds_CC3220SF_LAUNCHXL_release_ccs\Debug\</path>
         <kind>archive</kind>
         <file>freertos_builds_CC3220SF_LAUNCHXL_release_ccs.lib</file>
         <name>SemaphoreP_freertos.obj</name>
      </input_file>
      <input_file id="fl-1a">
         <path>C:\Users\patsk\NewWorkspace\freertos_builds_CC3220SF_LAUNCHXL_release_ccs\Debug\</path>
         <kind>archive</kind>
         <file>freertos_builds_CC3220SF_LAUNCHXL_release_ccs.lib</file>
         <name>heap_4.obj</name>
      </input_file>
      <input_file id="fl-1b">
         <path>C:\Users\patsk\NewWorkspace\freertos_builds_CC3220SF_LAUNCHXL_release_ccs\Debug\</path>
         <kind>archive</kind>
         <file>freertos_builds_CC3220SF_LAUNCHXL_release_ccs.lib</file>
         <name>queue.obj</name>
      </input_file>
      <input_file id="fl-1c">
         <path>C:\Users\patsk\NewWorkspace\freertos_builds_CC3220SF_LAUNCHXL_release_ccs\Debug\</path>
         <kind>archive</kind>
         <file>freertos_builds_CC3220SF_LAUNCHXL_release_ccs.lib</file>
         <name>tasks.obj</name>
      </input_file>
      <input_file id="fl-1d">
         <path>C:\Users\patsk\NewWorkspace\freertos_builds_CC3220SF_LAUNCHXL_release_ccs\Debug\</path>
         <kind>archive</kind>
         <file>freertos_builds_CC3220SF_LAUNCHXL_release_ccs.lib</file>
         <name>timers.obj</name>
      </input_file>
      <input_file id="fl-1e">
         <path>C:\Users\patsk\NewWorkspace\freertos_builds_CC3220SF_LAUNCHXL_release_ccs\Debug\</path>
         <kind>archive</kind>
         <file>freertos_builds_CC3220SF_LAUNCHXL_release_ccs.lib</file>
         <name>port.obj</name>
      </input_file>
      <input_file id="fl-1f">
         <path>C:\Users\patsk\NewWorkspace\freertos_builds_CC3220SF_LAUNCHXL_release_ccs\Debug\</path>
         <kind>archive</kind>
         <file>freertos_builds_CC3220SF_LAUNCHXL_release_ccs.lib</file>
         <name>portasm.obj</name>
      </input_file>
      <input_file id="fl-20">
         <path>C:\Users\patsk\NewWorkspace\freertos_builds_CC3220SF_LAUNCHXL_release_ccs\Debug\</path>
         <kind>archive</kind>
         <file>freertos_builds_CC3220SF_LAUNCHXL_release_ccs.lib</file>
         <name>startup_cc32xx_ccs.obj</name>
      </input_file>
      <input_file id="fl-21">
         <path>C:\Users\patsk\NewWorkspace\freertos_builds_CC3220SF_LAUNCHXL_release_ccs\Debug\</path>
         <kind>archive</kind>
         <file>freertos_builds_CC3220SF_LAUNCHXL_release_ccs.lib</file>
         <name>PTLS.obj</name>
      </input_file>
      <input_file id="fl-22">
         <path>C:\Users\patsk\NewWorkspace\freertos_builds_CC3220SF_LAUNCHXL_release_ccs\Debug\</path>
         <kind>archive</kind>
         <file>freertos_builds_CC3220SF_LAUNCHXL_release_ccs.lib</file>
         <name>pthread.obj</name>
      </input_file>
      <input_file id="fl-23">
         <path>C:\Users\patsk\NewWorkspace\freertos_builds_CC3220SF_LAUNCHXL_release_ccs\Debug\</path>
         <kind>archive</kind>
         <file>freertos_builds_CC3220SF_LAUNCHXL_release_ccs.lib</file>
         <name>list.obj</name>
      </input_file>
      <input_file id="fl-24">
         <path>C:\ti\simplelink_cc32xx_sdk_4_20_00_07\source\ti\devices\cc32xx\driverlib\ccs\Release\</path>
         <kind>archive</kind>
         <file>driverlib.a</file>
         <name>interrupt.obj</name>
      </input_file>
      <input_file id="fl-25">
         <path>C:\ti\simplelink_cc32xx_sdk_4_20_00_07\source\ti\devices\cc32xx\driverlib\ccs\Release\</path>
         <kind>archive</kind>
         <file>driverlib.a</file>
         <name>pin.obj</name>
      </input_file>
      <input_file id="fl-26">
         <path>C:\ti\simplelink_cc32xx_sdk_4_20_00_07\source\ti\devices\cc32xx\driverlib\ccs\Release\</path>
         <kind>archive</kind>
         <file>driverlib.a</file>
         <name>prcm.obj</name>
      </input_file>
      <input_file id="fl-27">
         <path>C:\ti\simplelink_cc32xx_sdk_4_20_00_07\source\ti\devices\cc32xx\driverlib\ccs\Release\</path>
         <kind>archive</kind>
         <file>driverlib.a</file>
         <name>systick.obj</name>
      </input_file>
      <input_file id="fl-28">
         <path>C:\ti\simplelink_cc32xx_sdk_4_20_00_07\source\ti\devices\cc32xx\driverlib\ccs\Release\</path>
         <kind>archive</kind>
         <file>driverlib.a</file>
         <name>timer.obj</name>
      </input_file>
      <input_file id="fl-29">
         <path>C:\ti\simplelink_cc32xx_sdk_4_20_00_07\source\ti\devices\cc32xx\driverlib\ccs\Release\</path>
         <kind>archive</kind>
         <file>driverlib.a</file>
         <name>utils.obj</name>
      </input_file>
      <input_file id="fl-2a">
         <path>C:\ti\simplelink_cc32xx_sdk_4_20_00_07\source\ti\devices\cc32xx\driverlib\ccs\Release\</path>
         <kind>archive</kind>
         <file>driverlib.a</file>
         <name>cpu.obj</name>
      </input_file>
      <input_file id="fl-2b">
         <path>C:\ti\simplelink_cc32xx_sdk_4_20_00_07\source\ti\devices\cc32xx\driverlib\ccs\Release\</path>
         <kind>archive</kind>
         <file>driverlib.a</file>
         <name>flash.obj</name>
      </input_file>
      <input_file id="fl-e1">
         <path>C:\ti\ccs1040\ccs\tools\compiler\ti-cgt-arm_20.2.5.LTS\lib\</path>
         <kind>archive</kind>
         <file>rtsv7M4_T_le_eabi.lib</file>
         <name>ll_mul_t2.asm.obj</name>
      </input_file>
      <input_file id="fl-e2">
         <path>C:\ti\ccs1040\ccs\tools\compiler\ti-cgt-arm_20.2.5.LTS\lib\</path>
         <kind>archive</kind>
         <file>rtsv7M4_T_le_eabi.lib</file>
         <name>memcpy_t2.asm.obj</name>
      </input_file>
      <input_file id="fl-e3">
         <path>C:\ti\ccs1040\ccs\tools\compiler\ti-cgt-arm_20.2.5.LTS\lib\</path>
         <kind>archive</kind>
         <file>rtsv7M4_T_le_eabi.lib</file>
         <name>ull_div_t2.asm.obj</name>
      </input_file>
      <input_file id="fl-e4">
         <path>C:\ti\ccs1040\ccs\tools\compiler\ti-cgt-arm_20.2.5.LTS\lib\</path>
         <kind>archive</kind>
         <file>rtsv7M4_T_le_eabi.lib</file>
         <name>memset_t2.asm.obj</name>
      </input_file>
      <input_file id="fl-e5">
         <path>C:\ti\ccs1040\ccs\tools\compiler\ti-cgt-arm_20.2.5.LTS\lib\</path>
         <kind>archive</kind>
         <file>rtsv7M4_T_le_eabi.lib</file>
         <name>copy_zero_init.c.obj</name>
      </input_file>
      <input_file id="fl-e6">
         <path>C:\ti\ccs1040\ccs\tools\compiler\ti-cgt-arm_20.2.5.LTS\lib\</path>
         <kind>archive</kind>
         <file>rtsv7M4_T_le_eabi.lib</file>
         <name>copy_decompress_none.c.obj</name>
      </input_file>
      <input_file id="fl-e7">
         <path>C:\ti\ccs1040\ccs\tools\compiler\ti-cgt-arm_20.2.5.LTS\lib\</path>
         <kind>archive</kind>
         <file>rtsv7M4_T_le_eabi.lib</file>
         <name>copy_decompress_lzss.c.obj</name>
      </input_file>
      <input_file id="fl-e8">
         <path>C:\ti\ccs1040\ccs\tools\compiler\ti-cgt-arm_20.2.5.LTS\lib\</path>
         <kind>archive</kind>
         <file>rtsv7M4_T_le_eabi.lib</file>
         <name>boot_cortex_m.c.obj</name>
      </input_file>
      <input_file id="fl-e9">
         <path>C:\ti\ccs1040\ccs\tools\compiler\ti-cgt-arm_20.2.5.LTS\lib\</path>
         <kind>archive</kind>
         <file>rtsv7M4_T_le_eabi.lib</file>
         <name>div0.asm.obj</name>
      </input_file>
      <input_file id="fl-ea">
         <path>C:\ti\ccs1040\ccs\tools\compiler\ti-cgt-arm_20.2.5.LTS\lib\</path>
         <kind>archive</kind>
         <file>rtsv7M4_T_le_eabi.lib</file>
         <name>autoinit.c.obj</name>
      </input_file>
      <input_file id="fl-eb">
         <path>C:\ti\ccs1040\ccs\tools\compiler\ti-cgt-arm_20.2.5.LTS\lib\</path>
         <kind>archive</kind>
         <file>rtsv7M4_T_le_eabi.lib</file>
         <name>pre_init.c.obj</name>
      </input_file>
      <input_file id="fl-ec">
         <path>C:\ti\ccs1040\ccs\tools\compiler\ti-cgt-arm_20.2.5.LTS\lib\</path>
         <kind>archive</kind>
         <file>rtsv7M4_T_le_eabi.lib</file>
         <name>cpy_tbl.c.obj</name>
      </input_file>
      <input_file id="fl-ed">
         <path>C:\ti\ccs1040\ccs\tools\compiler\ti-cgt-arm_20.2.5.LTS\lib\</path>
         <kind>archive</kind>
         <file>rtsv7M4_T_le_eabi.lib</file>
         <name>exit.c.obj</name>
      </input_file>
      <input_file id="fl-ee">
         <path>C:\ti\ccs1040\ccs\tools\compiler\ti-cgt-arm_20.2.5.LTS\lib\</path>
         <kind>archive</kind>
         <file>rtsv7M4_T_le_eabi.lib</file>
         <name>_lock.c.obj</name>
      </input_file>
      <input_file id="fl-ef">
         <path>C:\ti\ccs1040\ccs\tools\compiler\ti-cgt-arm_20.2.5.LTS\lib\</path>
         <kind>archive</kind>
         <file>rtsv7M4_T_le_eabi.lib</file>
         <name>args_main.c.obj</name>
      </input_file>
   </input_file_list>
   <object_component_list>
      <object_component id="oc-27">
         <name>.dbghdr:retain</name>
         <load_address>0x1000000</load_address>
         <run_address>0x1000000</run_address>
         <size>0xc</size>
         <input_file_ref idref="fl-4"/>
      </object_component>
      <object_component id="oc-26e">
         <name>.text:PRCMCC3200MCUInit</name>
         <load_address>0x1000840</load_address>
         <run_address>0x1000840</run_address>
         <size>0x42c</size>
         <input_file_ref idref="fl-26"/>
      </object_component>
      <object_component id="oc-115">
         <name>.text:xTaskIncrementTick</name>
         <load_address>0x1000c6c</load_address>
         <run_address>0x1000c6c</run_address>
         <size>0x1f0</size>
         <input_file_ref idref="fl-1c"/>
      </object_component>
      <object_component id="oc-2eb">
         <name>.text:GPIO_setConfig</name>
         <load_address>0x1000e5c</load_address>
         <run_address>0x1000e5c</run_address>
         <size>0x1e4</size>
         <input_file_ref idref="fl-10"/>
      </object_component>
      <object_component id="oc-5a6">
         <name>.text:xQueueSemaphoreTake</name>
         <load_address>0x1001040</load_address>
         <run_address>0x1001040</run_address>
         <size>0x1d0</size>
         <input_file_ref idref="fl-1b"/>
      </object_component>
      <object_component id="oc-2b9">
         <name>.text:xTaskResumeAll</name>
         <load_address>0x1001210</load_address>
         <run_address>0x1001210</run_address>
         <size>0x1cc</size>
         <input_file_ref idref="fl-1c"/>
      </object_component>
      <object_component id="oc-53d">
         <name>.text:xQueueGenericSend</name>
         <load_address>0x10013dc</load_address>
         <run_address>0x10013dc</run_address>
         <size>0x1b8</size>
         <input_file_ref idref="fl-1b"/>
      </object_component>
      <object_component id="oc-4e0">
         <name>.text:PowerCC32XX_sleepPolicy</name>
         <load_address>0x1001594</load_address>
         <run_address>0x1001594</run_address>
         <size>0x1b0</size>
         <input_file_ref idref="fl-18"/>
      </object_component>
      <object_component id="oc-289">
         <name>.text:pvPortMalloc</name>
         <load_address>0x1001744</load_address>
         <run_address>0x1001744</run_address>
         <size>0x1a4</size>
         <input_file_ref idref="fl-1a"/>
      </object_component>
      <object_component id="oc-697">
         <name>.text:xTaskRemoveFromEventList</name>
         <load_address>0x10018e8</load_address>
         <run_address>0x10018e8</run_address>
         <size>0x188</size>
         <input_file_ref idref="fl-1c"/>
      </object_component>
      <object_component id="oc-723">
         <name>.text:xQueueReceive</name>
         <load_address>0x1001a70</load_address>
         <run_address>0x1001a70</run_address>
         <size>0x17c</size>
         <input_file_ref idref="fl-1b"/>
      </object_component>
      <object_component id="oc-571">
         <name>.text:prvProcessReceivedCommands</name>
         <load_address>0x1001bec</load_address>
         <run_address>0x1001bec</run_address>
         <size>0x154</size>
         <input_file_ref idref="fl-1d"/>
      </object_component>
      <object_component id="oc-7c6">
         <name>.text:parkPins</name>
         <load_address>0x1001d40</load_address>
         <run_address>0x1001d40</run_address>
         <size>0x148</size>
         <input_file_ref idref="fl-11"/>
      </object_component>
      <object_component id="oc-757">
         <name>.text:vTaskPriorityDisinheritAfterTimeout</name>
         <load_address>0x1001e88</load_address>
         <run_address>0x1001e88</run_address>
         <size>0x148</size>
         <input_file_ref idref="fl-1c"/>
      </object_component>
      <object_component id="oc-3a8">
         <name>.text:prvInitialiseNewTask</name>
         <load_address>0x1001fd0</load_address>
         <run_address>0x1001fd0</run_address>
         <size>0x13a</size>
         <input_file_ref idref="fl-1c"/>
      </object_component>
      <object_component id="oc-27a">
         <name>.text:Board_initHook</name>
         <load_address>0x100210a</load_address>
         <run_address>0x100210a</run_address>
         <size>0x2</size>
         <input_file_ref idref="fl-4"/>
      </object_component>
      <object_component id="oc-678">
         <name>.text:Power_sleep</name>
         <load_address>0x100210c</load_address>
         <run_address>0x100210c</run_address>
         <size>0x138</size>
         <input_file_ref idref="fl-11"/>
      </object_component>
      <object_component id="oc-1bb">
         <name>.text:pthread_create</name>
         <load_address>0x1002244</load_address>
         <run_address>0x1002244</run_address>
         <size>0x138</size>
         <input_file_ref idref="fl-22"/>
      </object_component>
      <object_component id="oc-77f">
         <name>.text:TimerCC32XX_open</name>
         <load_address>0x100237c</load_address>
         <run_address>0x100237c</run_address>
         <size>0x128</size>
         <input_file_ref idref="fl-14"/>
      </object_component>
      <object_component id="oc-74b">
         <name>.text:xTaskPriorityInherit</name>
         <load_address>0x10024a4</load_address>
         <run_address>0x10024a4</run_address>
         <size>0x120</size>
         <input_file_ref idref="fl-1c"/>
      </object_component>
      <object_component id="oc-543">
         <name>.text:vTaskSuspend</name>
         <load_address>0x10025c4</load_address>
         <run_address>0x10025c4</run_address>
         <size>0x118</size>
         <input_file_ref idref="fl-1c"/>
      </object_component>
      <object_component id="oc-80d">
         <name>.text:xTaskPriorityDisinherit</name>
         <load_address>0x10026dc</load_address>
         <run_address>0x10026dc</run_address>
         <size>0x118</size>
         <input_file_ref idref="fl-1c"/>
      </object_component>
      <object_component id="oc-5b5">
         <name>.text:xQueueGiveFromISR</name>
         <load_address>0x10027f4</load_address>
         <run_address>0x10027f4</run_address>
         <size>0x10e</size>
         <input_file_ref idref="fl-1b"/>
      </object_component>
      <object_component id="oc-974">
         <name>.text:IntDefaultHandler</name>
         <load_address>0x1002902</load_address>
         <run_address>0x1002902</run_address>
         <size>0x2</size>
         <input_file_ref idref="fl-24"/>
      </object_component>
      <object_component id="oc-3ae">
         <name>.text:prvAddNewTaskToReadyList</name>
         <load_address>0x1002904</load_address>
         <run_address>0x1002904</run_address>
         <size>0x104</size>
         <input_file_ref idref="fl-1c"/>
      </object_component>
      <object_component id="oc-506">
         <name>.text:xQueueGenericReset</name>
         <load_address>0x1002a08</load_address>
         <run_address>0x1002a08</run_address>
         <size>0x104</size>
         <input_file_ref idref="fl-1b"/>
      </object_component>
      <object_component id="oc-549">
         <name>.text:vTaskDelete</name>
         <load_address>0x1002b0c</load_address>
         <run_address>0x1002b0c</run_address>
         <size>0x100</size>
         <input_file_ref idref="fl-1c"/>
      </object_component>
      <object_component id="oc-5a0">
         <name>.text:xQueueReceiveFromISR</name>
         <load_address>0x1002c0c</load_address>
         <run_address>0x1002c0c</run_address>
         <size>0xf6</size>
         <input_file_ref idref="fl-1b"/>
      </object_component>
      <object_component id="oc-4da">
         <name>.text:PowerCC32XX_initPolicy</name>
         <load_address>0x1002d02</load_address>
         <run_address>0x1002d02</run_address>
         <size>0x2</size>
         <input_file_ref idref="fl-18"/>
      </object_component>
      <object_component id="oc-81d">
         <name>.text:prvAddCurrentTaskToDelayedList</name>
         <load_address>0x1002d04</load_address>
         <run_address>0x1002d04</run_address>
         <size>0xe8</size>
         <input_file_ref idref="fl-1c"/>
      </object_component>
      <object_component id="oc-10e">
         <name>.text:vTaskSwitchContext</name>
         <load_address>0x1002dec</load_address>
         <run_address>0x1002dec</run_address>
         <size>0xdc</size>
         <input_file_ref idref="fl-1c"/>
      </object_component>
      <object_component id="oc-2df">
         <name>.text:GPIO_init</name>
         <load_address>0x1002ec8</load_address>
         <run_address>0x1002ec8</run_address>
         <size>0xc4</size>
         <input_file_ref idref="fl-10"/>
      </object_component>
      <object_component id="oc-7e3">
         <name>.text:restoreParkedPins</name>
         <load_address>0x1002f8c</load_address>
         <run_address>0x1002f8c</run_address>
         <size>0xc0</size>
         <input_file_ref idref="fl-11"/>
      </object_component>
      <object_component id="oc-2cf">
         <name>.text:xPortStartScheduler</name>
         <load_address>0x100304c</load_address>
         <run_address>0x100304c</run_address>
         <size>0xc0</size>
         <input_file_ref idref="fl-1e"/>
      </object_component>
      <object_component id="oc-6c1">
         <name>.text:prvCopyDataToQueue</name>
         <load_address>0x100310c</load_address>
         <run_address>0x100310c</run_address>
         <size>0xbc</size>
         <input_file_ref idref="fl-1b"/>
      </object_component>
      <object_component id="oc-38a">
         <name>.text:prvHeapInit</name>
         <load_address>0x10031c8</load_address>
         <run_address>0x10031c8</run_address>
         <size>0xbc</size>
         <input_file_ref idref="fl-1a"/>
      </object_component>
      <object_component id="oc-77">
         <name>.text</name>
         <load_address>0x1003284</load_address>
         <run_address>0x1003284</run_address>
         <size>0xba</size>
         <input_file_ref idref="fl-1f"/>
      </object_component>
      <object_component id="oc-779">
         <name>.text:TimerCC32XX_init</name>
         <load_address>0x100333e</load_address>
         <run_address>0x100333e</run_address>
         <size>0x2</size>
         <input_file_ref idref="fl-14"/>
      </object_component>
      <object_component id="oc-6cd">
         <name>.text:xTaskCheckForTimeOut</name>
         <load_address>0x1003340</load_address>
         <run_address>0x1003340</run_address>
         <size>0xb4</size>
         <input_file_ref idref="fl-1c"/>
      </object_component>
      <object_component id="oc-6df">
         <name>.text:prvUnlockQueue</name>
         <load_address>0x10033f4</load_address>
         <run_address>0x10033f4</run_address>
         <size>0xae</size>
         <input_file_ref idref="fl-1b"/>
      </object_component>
      <object_component id="oc-71">
         <name>.text:busFaultHandler</name>
         <load_address>0x10034a2</load_address>
         <run_address>0x10034a2</run_address>
         <size>0x2</size>
         <input_file_ref idref="fl-20"/>
      </object_component>
      <object_component id="oc-925">
         <name>.text:IntDisable</name>
         <load_address>0x10034a4</load_address>
         <run_address>0x10034a4</run_address>
         <size>0xa8</size>
         <input_file_ref idref="fl-24"/>
      </object_component>
      <object_component id="oc-ae">
         <name>.text:IntEnable</name>
         <load_address>0x100354c</load_address>
         <run_address>0x100354c</run_address>
         <size>0xa8</size>
         <input_file_ref idref="fl-24"/>
      </object_component>
      <object_component id="oc-364">
         <name>.text:PowerCC32XX_configureWakeup</name>
         <load_address>0x10035f4</load_address>
         <run_address>0x10035f4</run_address>
         <size>0xa8</size>
         <input_file_ref idref="fl-11"/>
      </object_component>
      <object_component id="oc-390">
         <name>.text:prvInsertBlockIntoFreeList</name>
         <load_address>0x100369c</load_address>
         <run_address>0x100369c</run_address>
         <size>0xa8</size>
         <input_file_ref idref="fl-1a"/>
      </object_component>
      <object_component id="oc-295">
         <name>.text:vPortFree</name>
         <load_address>0x1003744</load_address>
         <run_address>0x1003744</run_address>
         <size>0xa8</size>
         <input_file_ref idref="fl-1a"/>
      </object_component>
      <object_component id="oc-3b">
         <name>.text</name>
         <load_address>0x10037ec</load_address>
         <run_address>0x10037ec</run_address>
         <size>0x9c</size>
         <input_file_ref idref="fl-e2"/>
      </object_component>
      <object_component id="oc-1c1">
         <name>.text:vTaskStartScheduler</name>
         <load_address>0x1003888</load_address>
         <run_address>0x1003888</run_address>
         <size>0x9c</size>
         <input_file_ref idref="fl-1c"/>
      </object_component>
      <object_component id="oc-43d">
         <name>.text:powerNotifyFxn</name>
         <load_address>0x1003924</load_address>
         <run_address>0x1003924</run_address>
         <size>0x98</size>
         <input_file_ref idref="fl-10"/>
      </object_component>
      <object_component id="oc-667">
         <name>.text</name>
         <load_address>0x10039bc</load_address>
         <run_address>0x10039bc</run_address>
         <size>0x96</size>
         <input_file_ref idref="fl-e3"/>
      </object_component>
      <object_component id="oc-6b">
         <name>.text:defaultHandler</name>
         <load_address>0x1003a52</load_address>
         <run_address>0x1003a52</run_address>
         <size>0x2</size>
         <input_file_ref idref="fl-20"/>
      </object_component>
      <object_component id="oc-7d7">
         <name>.text:restoreNVICRegs</name>
         <load_address>0x1003a54</load_address>
         <run_address>0x1003a54</run_address>
         <size>0x90</size>
         <input_file_ref idref="fl-11"/>
      </object_component>
      <object_component id="oc-451">
         <name>.text:PinConfigSet</name>
         <load_address>0x1003ae4</load_address>
         <run_address>0x1003ae4</run_address>
         <size>0x88</size>
         <input_file_ref idref="fl-25"/>
      </object_component>
      <object_component id="oc-785">
         <name>.text:TimerCC32XX_setPeriod</name>
         <load_address>0x1003b6c</load_address>
         <run_address>0x1003b6c</run_address>
         <size>0x88</size>
         <input_file_ref idref="fl-14"/>
      </object_component>
      <object_component id="oc-56b">
         <name>.text:prvProcessTimerOrBlockTask</name>
         <load_address>0x1003bf4</load_address>
         <run_address>0x1003bf4</run_address>
         <size>0x88</size>
         <input_file_ref idref="fl-1d"/>
      </object_component>
      <object_component id="oc-274">
         <name>.text:Power_init</name>
         <load_address>0x1003c7c</load_address>
         <run_address>0x1003c7c</run_address>
         <size>0x84</size>
         <input_file_ref idref="fl-11"/>
      </object_component>
      <object_component id="oc-7cc">
         <name>.text:saveNVICRegs</name>
         <load_address>0x1003d00</load_address>
         <run_address>0x1003d00</run_address>
         <size>0x84</size>
         <input_file_ref idref="fl-11"/>
      </object_component>
      <object_component id="oc-28f">
         <name>.text:xQueueGenericCreate</name>
         <load_address>0x1003d84</load_address>
         <run_address>0x1003d84</run_address>
         <size>0x82</size>
         <input_file_ref idref="fl-1b"/>
      </object_component>
      <object_component id="oc-65">
         <name>.text:faultISR</name>
         <load_address>0x1003e06</load_address>
         <run_address>0x1003e06</run_address>
         <size>0x2</size>
         <input_file_ref idref="fl-20"/>
      </object_component>
      <object_component id="oc-457">
         <name>.text:Power_setDependency</name>
         <load_address>0x1003e08</load_address>
         <run_address>0x1003e08</run_address>
         <size>0x80</size>
         <input_file_ref idref="fl-11"/>
      </object_component>
      <object_component id="oc-537">
         <name>.text:removeThreadKeys</name>
         <load_address>0x1003e88</load_address>
         <run_address>0x1003e88</run_address>
         <size>0x7a</size>
         <input_file_ref idref="fl-22"/>
      </object_component>
      <object_component id="oc-9c">
         <name>.text</name>
         <load_address>0x1003f02</load_address>
         <run_address>0x1003f02</run_address>
         <size>0x7a</size>
         <input_file_ref idref="fl-e4"/>
      </object_component>
      <object_component id="oc-2a7">
         <name>.text:xTaskCreate</name>
         <load_address>0x1003f7c</load_address>
         <run_address>0x1003f7c</run_address>
         <size>0x7a</size>
         <input_file_ref idref="fl-1c"/>
      </object_component>
      <object_component id="oc-5f">
         <name>.text:nmiISR</name>
         <load_address>0x1003ff6</load_address>
         <run_address>0x1003ff6</run_address>
         <size>0x2</size>
         <input_file_ref idref="fl-20"/>
      </object_component>
      <object_component id="oc-47b">
         <name>.text:GPIO_hwiIntFxn</name>
         <load_address>0x1003ff8</load_address>
         <run_address>0x1003ff8</run_address>
         <size>0x78</size>
         <input_file_ref idref="fl-10"/>
      </object_component>
      <object_component id="oc-78b">
         <name>.text:TimerCC32XX_start</name>
         <load_address>0x1004070</load_address>
         <run_address>0x1004070</run_address>
         <size>0x78</size>
         <input_file_ref idref="fl-14"/>
      </object_component>
      <object_component id="oc-717">
         <name>.text:prvInsertTimerInActiveList</name>
         <load_address>0x10040e8</load_address>
         <run_address>0x10040e8</run_address>
         <size>0x78</size>
         <input_file_ref idref="fl-1d"/>
      </object_component>
      <object_component id="oc-841">
         <name>.text:vTaskPlaceOnEventListRestricted</name>
         <load_address>0x1004160</load_address>
         <run_address>0x1004160</run_address>
         <size>0x78</size>
         <input_file_ref idref="fl-1c"/>
      </object_component>
      <object_component id="oc-51a">
         <name>.text:prvInitialiseTaskLists</name>
         <load_address>0x10041d8</load_address>
         <run_address>0x10041d8</run_address>
         <size>0x74</size>
         <input_file_ref idref="fl-1c"/>
      </object_component>
      <object_component id="oc-732">
         <name>.text:vPortValidateInterruptPriority</name>
         <load_address>0x100424c</load_address>
         <run_address>0x100424c</run_address>
         <size>0x74</size>
         <input_file_ref idref="fl-1e"/>
      </object_component>
      <object_component id="oc-14">
         <name>.text:decompress:lzss:__TI_decompress_lzss</name>
         <load_address>0x10042c0</load_address>
         <run_address>0x10042c0</run_address>
         <size>0x68</size>
         <input_file_ref idref="fl-e7"/>
      </object_component>
      <object_component id="oc-64f">
         <name>.text:eTaskConfirmSleepModeStatus</name>
         <load_address>0x1004328</load_address>
         <run_address>0x1004328</run_address>
         <size>0x68</size>
         <input_file_ref idref="fl-1c"/>
      </object_component>
      <object_component id="oc-1c7">
         <name>.text:mainThread</name>
         <load_address>0x1004390</load_address>
         <run_address>0x1004390</run_address>
         <size>0x68</size>
         <input_file_ref idref="fl-3"/>
      </object_component>
      <object_component id="oc-817">
         <name>.text:vListInsert</name>
         <load_address>0x10043f8</load_address>
         <run_address>0x10043f8</run_address>
         <size>0x66</size>
         <input_file_ref idref="fl-23"/>
      </object_component>
      <object_component id="oc-7b8">
         <name>.text</name>
         <load_address>0x100445e</load_address>
         <run_address>0x100445e</run_address>
         <size>0x2</size>
         <input_file_ref idref="fl-e9"/>
      </object_component>
      <object_component id="oc-490">
         <name>.text:GPIO_toggle</name>
         <load_address>0x1004460</load_address>
         <run_address>0x1004460</run_address>
         <size>0x64</size>
         <input_file_ref idref="fl-10"/>
      </object_component>
      <object_component id="oc-5c8">
         <name>.text:PowerCC32XX_setParkState</name>
         <load_address>0x10044c4</load_address>
         <run_address>0x10044c4</run_address>
         <size>0x64</size>
         <input_file_ref idref="fl-11"/>
      </object_component>
      <object_component id="oc-14b">
         <name>.text:main</name>
         <load_address>0x1004528</load_address>
         <run_address>0x1004528</run_address>
         <size>0x64</size>
         <input_file_ref idref="fl-2"/>
      </object_component>
      <object_component id="oc-3f4">
         <name>.text:prvGetExpectedIdleTime</name>
         <load_address>0x100458c</load_address>
         <run_address>0x100458c</run_address>
         <size>0x64</size>
         <input_file_ref idref="fl-1c"/>
      </object_component>
      <object_component id="oc-463">
         <name>.text:HwiP_create</name>
         <load_address>0x10045f0</load_address>
         <run_address>0x10045f0</run_address>
         <size>0x60</size>
         <input_file_ref idref="fl-17"/>
      </object_component>
      <object_component id="oc-332">
         <name>.text:PRCMSysResetCauseGet</name>
         <load_address>0x1004650</load_address>
         <run_address>0x1004650</run_address>
         <size>0x60</size>
         <input_file_ref idref="fl-26"/>
      </object_component>
      <object_component id="oc-421">
         <name>.text:GPIO_setCallback</name>
         <load_address>0x10046b0</load_address>
         <run_address>0x10046b0</run_address>
         <size>0x5c</size>
         <input_file_ref idref="fl-10"/>
      </object_component>
      <object_component id="oc-2d5">
         <name>.text:prvIdleTask</name>
         <load_address>0x100470c</load_address>
         <run_address>0x100470c</run_address>
         <size>0x5c</size>
         <input_file_ref idref="fl-1c"/>
      </object_component>
      <object_component id="oc-3ca">
         <name>.text:pthread_exit</name>
         <load_address>0x1004768</load_address>
         <run_address>0x1004768</run_address>
         <size>0x5c</size>
         <input_file_ref idref="fl-22"/>
      </object_component>
      <object_component id="oc-710">
         <name>.text:vQueueWaitForMessageRestricted</name>
         <load_address>0x10047c4</load_address>
         <run_address>0x10047c4</run_address>
         <size>0x5c</size>
         <input_file_ref idref="fl-1b"/>
      </object_component>
      <object_component id="oc-2f1">
         <name>.text:GPIO_write</name>
         <load_address>0x1004820</load_address>
         <run_address>0x1004820</run_address>
         <size>0x58</size>
         <input_file_ref idref="fl-10"/>
      </object_component>
      <object_component id="oc-91e">
         <name>.text:IntPendClear</name>
         <load_address>0x1004878</load_address>
         <run_address>0x1004878</run_address>
         <size>0x58</size>
         <input_file_ref idref="fl-24"/>
      </object_component>
      <object_component id="oc-34b">
         <name>.text:PRCMPeripheralReset</name>
         <load_address>0x10048d0</load_address>
         <run_address>0x10048d0</run_address>
         <size>0x58</size>
         <input_file_ref idref="fl-26"/>
      </object_component>
      <object_component id="oc-938">
         <name>.text:Power_releaseDependency</name>
         <load_address>0x1004928</load_address>
         <run_address>0x1004928</run_address>
         <size>0x58</size>
         <input_file_ref idref="fl-11"/>
      </object_component>
      <object_component id="oc-3e4">
         <name>.text:vPortSetupTimerInterrupt</name>
         <load_address>0x1004980</load_address>
         <run_address>0x1004980</run_address>
         <size>0x58</size>
         <input_file_ref idref="fl-1e"/>
      </object_component>
      <object_component id="oc-87c">
         <name>.text:SemaphoreP_create</name>
         <load_address>0x10049d8</load_address>
         <run_address>0x10049d8</run_address>
         <size>0x56</size>
         <input_file_ref idref="fl-19"/>
      </object_component>
      <object_component id="oc-791">
         <name>.text:TimerCC32XX_stop</name>
         <load_address>0x1004a2e</load_address>
         <run_address>0x1004a2e</run_address>
         <size>0x56</size>
         <input_file_ref idref="fl-14"/>
      </object_component>
      <object_component id="oc-5ee">
         <name>.text:IntPrioritySet</name>
         <load_address>0x1004a84</load_address>
         <run_address>0x1004a84</run_address>
         <size>0x54</size>
         <input_file_ref idref="fl-24"/>
      </object_component>
      <object_component id="oc-2c9">
         <name>.text:xTimerCreateTimerTask</name>
         <load_address>0x1004ad8</load_address>
         <run_address>0x1004ad8</run_address>
         <size>0x54</size>
         <input_file_ref idref="fl-1d"/>
      </object_component>
      <object_component id="oc-8e9">
         <name>.text:PowerCC32XX_resumeLPDS</name>
         <load_address>0x1004b2c</load_address>
         <run_address>0x1004b2c</run_address>
         <size>0x52</size>
         <input_file_ref idref="fl-12"/>
      </object_component>
      <object_component id="oc-88e">
         <name>.text:initHw</name>
         <load_address>0x1004b7e</load_address>
         <run_address>0x1004b7e</run_address>
         <size>0x52</size>
         <input_file_ref idref="fl-14"/>
      </object_component>
      <object_component id="oc-870">
         <name>.text:TimerCC32XX_allocateTimerResource</name>
         <load_address>0x1004bd0</load_address>
         <run_address>0x1004bd0</run_address>
         <size>0x50</size>
         <input_file_ref idref="fl-14"/>
      </object_component>
      <object_component id="oc-513">
         <name>.text:pxPortInitialiseStack</name>
         <load_address>0x1004c20</load_address>
         <run_address>0x1004c20</run_address>
         <size>0x50</size>
         <input_file_ref idref="fl-1e"/>
      </object_component>
      <object_component id="oc-5ce">
         <name>.text:GPIO_enableInt</name>
         <load_address>0x1004c70</load_address>
         <run_address>0x1004c70</run_address>
         <size>0x4c</size>
         <input_file_ref idref="fl-10"/>
      </object_component>
      <object_component id="oc-8e0">
         <name>.text:PowerCC32XX_parkPin</name>
         <load_address>0x1004cbc</load_address>
         <run_address>0x1004cbc</run_address>
         <size>0x4c</size>
         <input_file_ref idref="fl-11"/>
      </object_component>
      <object_component id="oc-53">
         <name>.text:initVectors</name>
         <load_address>0x1004d08</load_address>
         <run_address>0x1004d08</run_address>
         <size>0x4c</size>
         <input_file_ref idref="fl-20"/>
      </object_component>
      <object_component id="oc-3d1">
         <name>.text:prvCheckForValidListAndQueue</name>
         <load_address>0x1004d54</load_address>
         <run_address>0x1004d54</run_address>
         <size>0x4c</size>
         <input_file_ref idref="fl-1d"/>
      </object_component>
      <object_component id="oc-3ee">
         <name>.text:prvCheckTasksWaitingTermination</name>
         <load_address>0x1004da0</load_address>
         <run_address>0x1004da0</run_address>
         <size>0x4c</size>
         <input_file_ref idref="fl-1c"/>
      </object_component>
      <object_component id="oc-70a">
         <name>.text:prvProcessExpiredTimer</name>
         <load_address>0x1004dec</load_address>
         <run_address>0x1004dec</run_address>
         <size>0x4c</size>
         <input_file_ref idref="fl-1d"/>
      </object_component>
      <object_component id="oc-7dd">
         <name>.text:restorePeriphClocks</name>
         <load_address>0x1004e38</load_address>
         <run_address>0x1004e38</run_address>
         <size>0x4c</size>
         <input_file_ref idref="fl-11"/>
      </object_component>
      <object_component id="oc-3b5">
         <name>.text:vPortEnterCritical</name>
         <load_address>0x1004e84</load_address>
         <run_address>0x1004e84</run_address>
         <size>0x4c</size>
         <input_file_ref idref="fl-1e"/>
      </object_component>
      <object_component id="oc-904">
         <name>.text:FlashDisable</name>
         <load_address>0x1004ed0</load_address>
         <run_address>0x1004ed0</run_address>
         <size>0x48</size>
         <input_file_ref idref="fl-2b"/>
      </object_component>
      <object_component id="oc-5f7">
         <name>.text:HwiP_dispatch</name>
         <load_address>0x1004f18</load_address>
         <run_address>0x1004f18</run_address>
         <size>0x48</size>
         <input_file_ref idref="fl-17"/>
      </object_component>
      <object_component id="oc-7e9">
         <name>.text:PRCMLPDSEnter</name>
         <load_address>0x1004f60</load_address>
         <run_address>0x1004f60</run_address>
         <size>0x48</size>
         <input_file_ref idref="fl-26"/>
      </object_component>
      <object_component id="oc-345">
         <name>.text:PRCMPeripheralClkEnable</name>
         <load_address>0x1004fa8</load_address>
         <run_address>0x1004fa8</run_address>
         <size>0x48</size>
         <input_file_ref idref="fl-26"/>
      </object_component>
      <object_component id="oc-8cd">
         <name>.text:Power_releaseConstraint</name>
         <load_address>0x1004ff0</load_address>
         <run_address>0x1004ff0</run_address>
         <size>0x48</size>
         <input_file_ref idref="fl-11"/>
      </object_component>
      <object_component id="oc-83a">
         <name>.text:prvSwitchTimerLists</name>
         <load_address>0x1005038</load_address>
         <run_address>0x1005038</run_address>
         <size>0x48</size>
         <input_file_ref idref="fl-1d"/>
      </object_component>
      <object_component id="oc-57b">
         <name>.text:uxListRemove</name>
         <load_address>0x1005080</load_address>
         <run_address>0x1005080</run_address>
         <size>0x48</size>
         <input_file_ref idref="fl-23"/>
      </object_component>
      <object_component id="oc-888">
         <name>.text:getPrescaler</name>
         <load_address>0x10050c8</load_address>
         <run_address>0x10050c8</run_address>
         <size>0x46</size>
         <input_file_ref idref="fl-14"/>
      </object_component>
      <object_component id="oc-944">
         <name>.text:xQueueCreateCountingSemaphore</name>
         <load_address>0x100510e</load_address>
         <run_address>0x100510e</run_address>
         <size>0x46</size>
         <input_file_ref idref="fl-1b"/>
      </object_component>
      <object_component id="oc-8ee">
         <name>.text:PRCMLPDSRestoreInfoSet</name>
         <load_address>0x1005154</load_address>
         <run_address>0x1005154</run_address>
         <size>0x44</size>
         <input_file_ref idref="fl-26"/>
      </object_component>
      <object_component id="oc-7d2">
         <name>.text:PowerCC32XX_enterLPDS</name>
         <load_address>0x1005198</load_address>
         <run_address>0x1005198</run_address>
         <size>0x44</size>
         <input_file_ref idref="fl-12"/>
      </object_component>
      <object_component id="oc-2e5">
         <name>.text:Timer_init</name>
         <load_address>0x10051dc</load_address>
         <run_address>0x10051dc</run_address>
         <size>0x44</size>
         <input_file_ref idref="fl-13"/>
      </object_component>
      <object_component id="oc-1e4">
         <name>.text:__TI_auto_init_nobinit_nopinit:__TI_auto_init_nobinit_nopinit</name>
         <load_address>0x1005220</load_address>
         <run_address>0x1005220</run_address>
         <size>0x44</size>
         <input_file_ref idref="fl-ea"/>
      </object_component>
      <object_component id="oc-39e">
         <name>.text:prvInitialiseNewQueue</name>
         <load_address>0x1005264</load_address>
         <run_address>0x1005264</run_address>
         <size>0x44</size>
         <input_file_ref idref="fl-1b"/>
      </object_component>
      <object_component id="oc-683">
         <name>.text:vTaskStepTick</name>
         <load_address>0x10052a8</load_address>
         <run_address>0x10052a8</run_address>
         <size>0x44</size>
         <input_file_ref idref="fl-1c"/>
      </object_component>
      <object_component id="oc-35d">
         <name>.text:PinModeSet</name>
         <load_address>0x10052ec</load_address>
         <run_address>0x10052ec</run_address>
         <size>0x40</size>
         <input_file_ref idref="fl-25"/>
      </object_component>
      <object_component id="oc-2fd">
         <name>.text:Timer_open</name>
         <load_address>0x100532c</load_address>
         <run_address>0x100532c</run_address>
         <size>0x40</size>
         <input_file_ref idref="fl-13"/>
      </object_component>
      <object_component id="oc-52b">
         <name>.text:pthread_setcancelstate</name>
         <load_address>0x100536c</load_address>
         <run_address>0x100536c</run_address>
         <size>0x3e</size>
         <input_file_ref idref="fl-22"/>
      </object_component>
      <object_component id="oc-643">
         <name>.text:PRCMSlowClkCtrFastGet</name>
         <load_address>0x10053ac</load_address>
         <run_address>0x10053ac</run_address>
         <size>0x3c</size>
         <input_file_ref idref="fl-26"/>
      </object_component>
      <object_component id="oc-8b4">
         <name>.text:Power_setConstraint</name>
         <load_address>0x10053e8</load_address>
         <run_address>0x10053e8</run_address>
         <size>0x3c</size>
         <input_file_ref idref="fl-11"/>
      </object_component>
      <object_component id="oc-738">
         <name>.text:prvCopyDataFromQueue</name>
         <load_address>0x1005424</load_address>
         <run_address>0x1005424</run_address>
         <size>0x3c</size>
         <input_file_ref idref="fl-1b"/>
      </object_component>
      <object_component id="oc-82c">
         <name>.text:pvTaskGetThreadLocalStoragePointer</name>
         <load_address>0x1005460</load_address>
         <run_address>0x1005460</run_address>
         <size>0x3c</size>
         <input_file_ref idref="fl-1c"/>
      </object_component>
      <object_component id="oc-6e6">
         <name>.text:vListInsertEnd</name>
         <load_address>0x100549c</load_address>
         <run_address>0x100549c</run_address>
         <size>0x3c</size>
         <input_file_ref idref="fl-23"/>
      </object_component>
      <object_component id="oc-767">
         <name>.text:TimerCC32XX_close</name>
         <load_address>0x10054d8</load_address>
         <run_address>0x10054d8</run_address>
         <size>0x3a</size>
         <input_file_ref idref="fl-14"/>
      </object_component>
      <object_component id="oc-7ef">
         <name>.text:PRCMLPDSEnterKeepDebugIf</name>
         <load_address>0x1005514</load_address>
         <run_address>0x1005514</run_address>
         <size>0x38</size>
         <input_file_ref idref="fl-26"/>
      </object_component>
      <object_component id="oc-89a">
         <name>.text:TimerCC32XX_hwiIntFunction</name>
         <load_address>0x100554c</load_address>
         <run_address>0x100554c</run_address>
         <size>0x38</size>
         <input_file_ref idref="fl-14"/>
      </object_component>
      <object_component id="oc-7c0">
         <name>.text:notify</name>
         <load_address>0x1005584</load_address>
         <run_address>0x1005584</run_address>
         <size>0x38</size>
         <input_file_ref idref="fl-11"/>
      </object_component>
      <object_component id="oc-565">
         <name>.text:prvGetNextExpireTime</name>
         <load_address>0x10055bc</load_address>
         <run_address>0x10055bc</run_address>
         <size>0x38</size>
         <input_file_ref idref="fl-1d"/>
      </object_component>
      <object_component id="oc-6a0">
         <name>.text:prvTaskExitError</name>
         <load_address>0x10055f4</load_address>
         <run_address>0x10055f4</run_address>
         <size>0x38</size>
         <input_file_ref idref="fl-1e"/>
      </object_component>
      <object_component id="oc-94d">
         <name>.text:TimerControlStall</name>
         <load_address>0x100562c</load_address>
         <run_address>0x100562c</run_address>
         <size>0x36</size>
         <input_file_ref idref="fl-28"/>
      </object_component>
      <object_component id="oc-71d">
         <name>.text:prvReloadTimer</name>
         <load_address>0x1005662</load_address>
         <run_address>0x1005662</run_address>
         <size>0x36</size>
         <input_file_ref idref="fl-1d"/>
      </object_component>
      <object_component id="oc-357">
         <name>.text:PinModeGet</name>
         <load_address>0x1005698</load_address>
         <run_address>0x1005698</run_address>
         <size>0x34</size>
         <input_file_ref idref="fl-25"/>
      </object_component>
      <object_component id="oc-41b">
         <name>.text:SemaphoreP_pend</name>
         <load_address>0x10056cc</load_address>
         <run_address>0x10056cc</run_address>
         <size>0x34</size>
         <input_file_ref idref="fl-19"/>
      </object_component>
      <object_component id="oc-866">
         <name>.text:TimerCC32XX_freeTimerResource</name>
         <load_address>0x1005700</load_address>
         <run_address>0x1005700</run_address>
         <size>0x34</size>
         <input_file_ref idref="fl-14"/>
      </object_component>
      <object_component id="oc-932">
         <name>.text:getPowerMgrId</name>
         <load_address>0x1005734</load_address>
         <run_address>0x1005734</run_address>
         <size>0x34</size>
         <input_file_ref idref="fl-14"/>
      </object_component>
      <object_component id="oc-708">
         <name>.text:prvSampleTimeNow</name>
         <load_address>0x1005768</load_address>
         <run_address>0x1005768</run_address>
         <size>0x34</size>
         <input_file_ref idref="fl-1d"/>
      </object_component>
      <object_component id="oc-6d9">
         <name>.text:vTaskPlaceOnEventList</name>
         <load_address>0x100579c</load_address>
         <run_address>0x100579c</run_address>
         <size>0x34</size>
         <input_file_ref idref="fl-1c"/>
      </object_component>
      <object_component id="oc-8fd">
         <name>.text:PowerCC32XX_restoreParkedPin</name>
         <load_address>0x10057d0</load_address>
         <run_address>0x10057d0</run_address>
         <size>0x30</size>
         <input_file_ref idref="fl-11"/>
      </object_component>
      <object_component id="oc-18d">
         <name>.text:prvResetNextTaskUnblockTime</name>
         <load_address>0x1005800</load_address>
         <run_address>0x1005800</run_address>
         <size>0x30</size>
         <input_file_ref idref="fl-1c"/>
      </object_component>
      <object_component id="oc-550">
         <name>.text:vListInitialise</name>
         <load_address>0x1005830</load_address>
         <run_address>0x1005830</run_address>
         <size>0x30</size>
         <input_file_ref idref="fl-23"/>
      </object_component>
      <object_component id="oc-3bb">
         <name>.text:vPortExitCritical</name>
         <load_address>0x1005860</load_address>
         <run_address>0x1005860</run_address>
         <size>0x30</size>
         <input_file_ref idref="fl-1e"/>
      </object_component>
      <object_component id="oc-29b">
         <name>.text:xTaskGetSchedulerState</name>
         <load_address>0x1005890</load_address>
         <run_address>0x1005890</run_address>
         <size>0x30</size>
         <input_file_ref idref="fl-1c"/>
      </object_component>
      <object_component id="oc-409">
         <name>.text:HwiP_disable</name>
         <load_address>0x10058c0</load_address>
         <run_address>0x10058c0</run_address>
         <size>0x2c</size>
         <input_file_ref idref="fl-17"/>
      </object_component>
      <object_component id="oc-66c">
         <name>.text:PRCMLPDSIntervalSet</name>
         <load_address>0x10058ec</load_address>
         <run_address>0x10058ec</run_address>
         <size>0x2c</size>
         <input_file_ref idref="fl-26"/>
      </object_component>
      <object_component id="oc-403">
         <name>.text:SemaphoreP_createBinary</name>
         <load_address>0x1005918</load_address>
         <run_address>0x1005918</run_address>
         <size>0x2c</size>
         <input_file_ref idref="fl-19"/>
      </object_component>
      <object_component id="oc-2ad">
         <name>.text:vTaskSetApplicationTaskTag</name>
         <load_address>0x1005944</load_address>
         <run_address>0x1005944</run_address>
         <size>0x2c</size>
         <input_file_ref idref="fl-1c"/>
      </object_component>
      <object_component id="oc-7c">
         <name>.text:xPortSysTickHandler</name>
         <load_address>0x1005970</load_address>
         <run_address>0x1005970</run_address>
         <size>0x2c</size>
         <input_file_ref idref="fl-1e"/>
      </object_component>
      <object_component id="oc-8a7">
         <name>.text:TimerLoadSet</name>
         <load_address>0x100599c</load_address>
         <run_address>0x100599c</run_address>
         <size>0x2a</size>
         <input_file_ref idref="fl-28"/>
      </object_component>
      <object_component id="oc-8a1">
         <name>.text:TimerPrescaleSet</name>
         <load_address>0x10059c6</load_address>
         <run_address>0x10059c6</run_address>
         <size>0x2a</size>
         <input_file_ref idref="fl-28"/>
      </object_component>
      <object_component id="oc-59a">
         <name>.text:HwiP_inISR</name>
         <load_address>0x10059f0</load_address>
         <run_address>0x10059f0</run_address>
         <size>0x28</size>
         <input_file_ref idref="fl-17"/>
      </object_component>
      <object_component id="oc-672">
         <name>.text:PRCMLPDSWakeupSourceEnable</name>
         <load_address>0x1005a18</load_address>
         <run_address>0x1005a18</run_address>
         <size>0x28</size>
         <input_file_ref idref="fl-26"/>
      </object_component>
      <object_component id="oc-351">
         <name>.text:PRCMPeripheralClkDisable</name>
         <load_address>0x1005a40</load_address>
         <run_address>0x1005a40</run_address>
         <size>0x28</size>
         <input_file_ref idref="fl-26"/>
      </object_component>
      <object_component id="oc-427">
         <name>.text:Power_registerNotify</name>
         <load_address>0x1005a68</load_address>
         <run_address>0x1005a68</run_address>
         <size>0x28</size>
         <input_file_ref idref="fl-11"/>
      </object_component>
      <object_component id="oc-1a9">
         <name>.text:pthread_attr_setschedparam</name>
         <load_address>0x1005a90</load_address>
         <run_address>0x1005a90</run_address>
         <size>0x28</size>
         <input_file_ref idref="fl-22"/>
      </object_component>
      <object_component id="oc-6b7">
         <name>.text:xTaskGetApplicationTaskTag</name>
         <load_address>0x1005ab8</load_address>
         <run_address>0x1005ab8</run_address>
         <size>0x28</size>
         <input_file_ref idref="fl-1c"/>
      </object_component>
      <object_component id="oc-5ae">
         <name>.text:List_put</name>
         <load_address>0x1005ae0</load_address>
         <run_address>0x1005ae0</run_address>
         <size>0x26</size>
         <input_file_ref idref="fl-15"/>
      </object_component>
      <object_component id="oc-917">
         <name>.text:List_remove</name>
         <load_address>0x1005b06</load_address>
         <run_address>0x1005b06</run_address>
         <size>0x26</size>
         <input_file_ref idref="fl-15"/>
      </object_component>
      <object_component id="oc-531">
         <name>.text:_pthread_cleanup_pop</name>
         <load_address>0x1005b2c</load_address>
         <run_address>0x1005b2c</run_address>
         <size>0x26</size>
         <input_file_ref idref="fl-22"/>
      </object_component>
      <object_component id="oc-6d3">
         <name>.text:prvIsQueueFull</name>
         <load_address>0x1005b52</load_address>
         <run_address>0x1005b52</run_address>
         <size>0x26</size>
         <input_file_ref idref="fl-1b"/>
      </object_component>
      <object_component id="oc-92b">
         <name>.text:IntUnregister</name>
         <load_address>0x1005b78</load_address>
         <run_address>0x1005b78</run_address>
         <size>0x24</size>
         <input_file_ref idref="fl-24"/>
      </object_component>
      <object_component id="oc-be">
         <name>.text:_c_int00_noargs:_c_int00_noargs</name>
         <load_address>0x1005b9c</load_address>
         <run_address>0x1005b9c</run_address>
         <size>0x24</size>
         <input_file_ref idref="fl-e8"/>
      </object_component>
      <object_component id="oc-751">
         <name>.text:prvGetDisinheritPriorityAfterTimeout</name>
         <load_address>0x1005bc0</load_address>
         <run_address>0x1005bc0</run_address>
         <size>0x24</size>
         <input_file_ref idref="fl-1b"/>
      </object_component>
      <object_component id="oc-2b3">
         <name>.text:vQueueDelete</name>
         <load_address>0x1005be4</load_address>
         <run_address>0x1005be4</run_address>
         <size>0x24</size>
         <input_file_ref idref="fl-1b"/>
      </object_component>
      <object_component id="oc-6c7">
         <name>.text:vTaskInternalSetTimeOutState</name>
         <load_address>0x1005c08</load_address>
         <run_address>0x1005c08</run_address>
         <size>0x24</size>
         <input_file_ref idref="fl-1c"/>
      </object_component>
      <object_component id="oc-42d">
         <name>.text:SemaphoreP_post</name>
         <load_address>0x1005c2c</load_address>
         <run_address>0x1005c2c</run_address>
         <size>0x22</size>
         <input_file_ref idref="fl-19"/>
      </object_component>
      <object_component id="oc-1af">
         <name>.text:pthread_attr_setdetachstate</name>
         <load_address>0x1005c4e</load_address>
         <run_address>0x1005c4e</run_address>
         <size>0x22</size>
         <input_file_ref idref="fl-22"/>
      </object_component>
      <object_component id="oc-882">
         <name>.text:ClockP_getCpuFreq</name>
         <load_address>0x1005c70</load_address>
         <run_address>0x1005c70</run_address>
         <size>0x20</size>
         <input_file_ref idref="fl-16"/>
      </object_component>
      <object_component id="oc-40f">
         <name>.text:HwiP_restore</name>
         <load_address>0x1005c90</load_address>
         <run_address>0x1005c90</run_address>
         <size>0x20</size>
         <input_file_ref idref="fl-17"/>
      </object_component>
      <object_component id="oc-5e8">
         <name>.text:IntRegister</name>
         <load_address>0x1005cb0</load_address>
         <run_address>0x1005cb0</run_address>
         <size>0x20</size>
         <input_file_ref idref="fl-24"/>
      </object_component>
      <object_component id="oc-854">
         <name>.text:Power_unregisterNotify</name>
         <load_address>0x1005cd0</load_address>
         <run_address>0x1005cd0</run_address>
         <size>0x20</size>
         <input_file_ref idref="fl-11"/>
      </object_component>
      <object_component id="oc-745">
         <name>.text:prvIsQueueEmpty</name>
         <load_address>0x1005cf0</load_address>
         <run_address>0x1005cf0</run_address>
         <size>0x20</size>
         <input_file_ref idref="fl-1b"/>
      </object_component>
      <object_component id="oc-45d">
         <name>.text:HwiP_Params_init</name>
         <load_address>0x1005d10</load_address>
         <run_address>0x1005d10</run_address>
         <size>0x1e</size>
         <input_file_ref idref="fl-17"/>
      </object_component>
      <object_component id="oc-8c1">
         <name>.text:TimerDisable</name>
         <load_address>0x1005d2e</load_address>
         <run_address>0x1005d2e</run_address>
         <size>0x1e</size>
         <input_file_ref idref="fl-28"/>
      </object_component>
      <object_component id="oc-8ba">
         <name>.text:TimerEnable</name>
         <load_address>0x1005d4c</load_address>
         <run_address>0x1005d4c</run_address>
         <size>0x1e</size>
         <input_file_ref idref="fl-28"/>
      </object_component>
      <object_component id="oc-2c2">
         <name>.text:_pthread_runStub</name>
         <load_address>0x1005d6a</load_address>
         <run_address>0x1005d6a</run_address>
         <size>0x1e</size>
         <input_file_ref idref="fl-22"/>
      </object_component>
      <object_component id="oc-8da">
         <name>.text:PinToPadGet</name>
         <load_address>0x1005d88</load_address>
         <run_address>0x1005d88</run_address>
         <size>0x1c</size>
         <input_file_ref idref="fl-25"/>
      </object_component>
      <object_component id="oc-1a3">
         <name>.text:pthread_attr_init</name>
         <load_address>0x1005da4</load_address>
         <run_address>0x1005da4</run_address>
         <size>0x1c</size>
         <input_file_ref idref="fl-22"/>
      </object_component>
      <object_component id="oc-73f">
         <name>.text:pvTaskIncrementMutexHeldCount</name>
         <load_address>0x1005dc0</load_address>
         <run_address>0x1005dc0</run_address>
         <size>0x1c</size>
         <input_file_ref idref="fl-1c"/>
      </object_component>
      <object_component id="oc-6ed">
         <name>.text:PTLS_taskDeleteHook</name>
         <load_address>0x1005ddc</load_address>
         <run_address>0x1005ddc</run_address>
         <size>0x1a</size>
         <input_file_ref idref="fl-21"/>
      </object_component>
      <object_component id="oc-3dd">
         <name>.text:prvTimerTask</name>
         <load_address>0x1005df6</load_address>
         <run_address>0x1005df6</run_address>
         <size>0x1a</size>
         <input_file_ref idref="fl-1d"/>
      </object_component>
      <object_component id="oc-58c">
         <name>.text:Power_idleFunc</name>
         <load_address>0x1005e10</load_address>
         <run_address>0x1005e10</run_address>
         <size>0x18</size>
         <input_file_ref idref="fl-11"/>
      </object_component>
      <object_component id="oc-773">
         <name>.text:TimerCC32XX_getCount</name>
         <load_address>0x1005e28</load_address>
         <run_address>0x1005e28</run_address>
         <size>0x18</size>
         <input_file_ref idref="fl-14"/>
      </object_component>
      <object_component id="oc-8c7">
         <name>.text:TimerIntDisable</name>
         <load_address>0x1005e40</load_address>
         <run_address>0x1005e40</run_address>
         <size>0x18</size>
         <input_file_ref idref="fl-28"/>
      </object_component>
      <object_component id="oc-8ae">
         <name>.text:TimerIntEnable</name>
         <load_address>0x1005e58</load_address>
         <run_address>0x1005e58</run_address>
         <size>0x18</size>
         <input_file_ref idref="fl-28"/>
      </object_component>
      <object_component id="oc-67e">
         <name>.text</name>
         <load_address>0x1005e70</load_address>
         <run_address>0x1005e70</run_address>
         <size>0x18</size>
         <input_file_ref idref="fl-e1"/>
      </object_component>
      <object_component id="oc-33f">
         <name>.text:PRCMHIBRegRead</name>
         <load_address>0x1005e88</load_address>
         <run_address>0x1005e88</run_address>
         <size>0x16</size>
         <input_file_ref idref="fl-26"/>
      </object_component>
      <object_component id="oc-339">
         <name>.text:PRCMHIBRegWrite</name>
         <load_address>0x1005e9e</load_address>
         <run_address>0x1005e9e</run_address>
         <size>0x16</size>
         <input_file_ref idref="fl-26"/>
      </object_component>
      <object_component id="oc-876">
         <name>.text:SemaphoreP_Params_init</name>
         <load_address>0x1005eb4</load_address>
         <run_address>0x1005eb4</run_address>
         <size>0x16</size>
         <input_file_ref idref="fl-19"/>
      </object_component>
      <object_component id="oc-21">
         <name>.text:resetISR</name>
         <load_address>0x1005ecc</load_address>
         <run_address>0x1005ecc</run_address>
         <size>0x16</size>
         <input_file_ref idref="fl-20"/>
      </object_component>
      <object_component id="oc-138">
         <name>.text:CPUcpsie</name>
         <load_address>0x1005ee2</load_address>
         <run_address>0x1005ee2</run_address>
         <size>0x14</size>
         <input_file_ref idref="fl-2a"/>
      </object_component>
      <object_component id="oc-a2">
         <name>.text:IntVTableBaseSet</name>
         <load_address>0x1005ef8</load_address>
         <run_address>0x1005ef8</run_address>
         <size>0x14</size>
         <input_file_ref idref="fl-24"/>
      </object_component>
      <object_component id="oc-8f6">
         <name>.text:Power_getDependencyCount</name>
         <load_address>0x1005f0c</load_address>
         <run_address>0x1005f0c</run_address>
         <size>0x14</size>
         <input_file_ref idref="fl-11"/>
      </object_component>
      <object_component id="oc-581">
         <name>.text:prvDeleteTCB</name>
         <load_address>0x1005f20</load_address>
         <run_address>0x1005f20</run_address>
         <size>0x14</size>
         <input_file_ref idref="fl-1c"/>
      </object_component>
      <object_component id="oc-1b5">
         <name>.text:pthread_attr_setstacksize</name>
         <load_address>0x1005f34</load_address>
         <run_address>0x1005f34</run_address>
         <size>0x14</size>
         <input_file_ref idref="fl-22"/>
      </object_component>
      <object_component id="oc-525">
         <name>.text:pthread_self</name>
         <load_address>0x1005f48</load_address>
         <run_address>0x1005f48</run_address>
         <size>0x14</size>
         <input_file_ref idref="fl-22"/>
      </object_component>
      <object_component id="oc-3fa">
         <name>.text:vPortSuppressTicksAndSleep</name>
         <load_address>0x1005f5c</load_address>
         <run_address>0x1005f5c</run_address>
         <size>0x14</size>
         <input_file_ref idref="fl-18"/>
      </object_component>
      <object_component id="oc-6b1">
         <name>.text:xTaskGetCurrentTaskHandle</name>
         <load_address>0x1005f70</load_address>
         <run_address>0x1005f70</run_address>
         <size>0x14</size>
         <input_file_ref idref="fl-1c"/>
      </object_component>
      <object_component id="oc-834">
         <name>.text:xTaskGetTickCount</name>
         <load_address>0x1005f84</load_address>
         <run_address>0x1005f84</run_address>
         <size>0x14</size>
         <input_file_ref idref="fl-1c"/>
      </object_component>
      <object_component id="oc-860">
         <name>.text:HwiP_delete</name>
         <load_address>0x1005f98</load_address>
         <run_address>0x1005f98</run_address>
         <size>0x12</size>
         <input_file_ref idref="fl-17"/>
      </object_component>
      <object_component id="oc-955">
         <name>.text:TimerIntClear</name>
         <load_address>0x1005faa</load_address>
         <run_address>0x1005faa</run_address>
         <size>0x12</size>
         <input_file_ref idref="fl-28"/>
      </object_component>
      <object_component id="oc-19d">
         <name>.text:Board_init</name>
         <load_address>0x1005fbc</load_address>
         <run_address>0x1005fbc</run_address>
         <size>0x10</size>
         <input_file_ref idref="fl-4"/>
      </object_component>
      <object_component id="oc-65b">
         <name>.text:ClockP_getSystemTickPeriod</name>
         <load_address>0x1005fcc</load_address>
         <run_address>0x1005fcc</run_address>
         <size>0x10</size>
         <input_file_ref idref="fl-16"/>
      </object_component>
      <object_component id="oc-649">
         <name>.text:SysTickDisable</name>
         <load_address>0x1005fdc</load_address>
         <run_address>0x1005fdc</run_address>
         <size>0x10</size>
         <input_file_ref idref="fl-27"/>
      </object_component>
      <object_component id="oc-655">
         <name>.text:SysTickEnable</name>
         <load_address>0x1005fec</load_address>
         <run_address>0x1005fec</run_address>
         <size>0x10</size>
         <input_file_ref idref="fl-27"/>
      </object_component>
      <object_component id="oc-2f7">
         <name>.text:Timer_Params_init</name>
         <load_address>0x1005ffc</load_address>
         <run_address>0x1005ffc</run_address>
         <size>0x10</size>
         <input_file_ref idref="fl-13"/>
      </object_component>
      <object_component id="oc-50d">
         <name>.text:vListInitialiseItem</name>
         <load_address>0x100600c</load_address>
         <run_address>0x100600c</run_address>
         <size>0x10</size>
         <input_file_ref idref="fl-23"/>
      </object_component>
      <object_component id="oc-2a1">
         <name>.text:vTaskSuspendAll</name>
         <load_address>0x100601c</load_address>
         <run_address>0x100601c</run_address>
         <size>0x10</size>
         <input_file_ref idref="fl-1c"/>
      </object_component>
      <object_component id="oc-661">
         <name>.text:Power_getTransitionLatency</name>
         <load_address>0x100602c</load_address>
         <run_address>0x100602c</run_address>
         <size>0xe</size>
         <input_file_ref idref="fl-11"/>
      </object_component>
      <object_component id="oc-1a">
         <name>.text:decompress:none:__TI_decompress_none</name>
         <load_address>0x100603a</load_address>
         <run_address>0x100603a</run_address>
         <size>0xe</size>
         <input_file_ref idref="fl-e6"/>
      </object_component>
      <object_component id="oc-309">
         <name>.text:timerCallback</name>
         <load_address>0x1006048</load_address>
         <run_address>0x1006048</run_address>
         <size>0xe</size>
         <input_file_ref idref="fl-3"/>
      </object_component>
      <object_component id="oc-7f8">
         <name>.text:CPUwfi</name>
         <load_address>0x1006056</load_address>
         <run_address>0x1006056</run_address>
         <size>0xc</size>
         <input_file_ref idref="fl-2a"/>
      </object_component>
      <object_component id="oc-85a">
         <name>.text:HwiP_clearInterrupt</name>
         <load_address>0x1006062</load_address>
         <run_address>0x1006062</run_address>
         <size>0xc</size>
         <input_file_ref idref="fl-17"/>
      </object_component>
      <object_component id="oc-63d">
         <name>.text:Power_getConstraintMask</name>
         <load_address>0x1006070</load_address>
         <run_address>0x1006070</run_address>
         <size>0xc</size>
         <input_file_ref idref="fl-11"/>
      </object_component>
      <object_component id="oc-415">
         <name>.text:SemaphoreP_delete</name>
         <load_address>0x100607c</load_address>
         <run_address>0x100607c</run_address>
         <size>0xc</size>
         <input_file_ref idref="fl-19"/>
      </object_component>
      <object_component id="oc-4d">
         <name>.text:decompress:ZI:__TI_zero_init</name>
         <load_address>0x1006088</load_address>
         <run_address>0x1006088</run_address>
         <size>0xc</size>
         <input_file_ref idref="fl-e5"/>
      </object_component>
      <object_component id="oc-894">
         <name>.text:postNotifyFxn</name>
         <load_address>0x1006094</load_address>
         <run_address>0x1006094</run_address>
         <size>0xc</size>
         <input_file_ref idref="fl-14"/>
      </object_component>
      <object_component id="oc-824">
         <name>.text:vTaskMissedYield</name>
         <load_address>0x10060a0</load_address>
         <run_address>0x10060a0</run_address>
         <size>0xc</size>
         <input_file_ref idref="fl-1c"/>
      </object_component>
      <object_component id="oc-a8">
         <name>.text:IntMasterEnable</name>
         <load_address>0x10060ac</load_address>
         <run_address>0x10060ac</run_address>
         <size>0xa</size>
         <input_file_ref idref="fl-24"/>
      </object_component>
      <object_component id="oc-303">
         <name>.text:Timer_start</name>
         <load_address>0x10060b6</load_address>
         <run_address>0x10060b6</run_address>
         <size>0xa</size>
         <input_file_ref idref="fl-13"/>
      </object_component>
      <object_component id="oc-183">
         <name>.text:vApplicationStackOverflowHook</name>
         <load_address>0x10060c0</load_address>
         <run_address>0x10060c0</run_address>
         <size>0xa</size>
         <input_file_ref idref="fl-2"/>
      </object_component>
      <object_component id="oc-689">
         <name>.text:PRCMSleepEnter</name>
         <load_address>0x10060ca</load_address>
         <run_address>0x10060ca</run_address>
         <size>0x8</size>
         <input_file_ref idref="fl-26"/>
      </object_component>
      <object_component id="oc-76d">
         <name>.text:TimerCC32XX_control</name>
         <load_address>0x10060d2</load_address>
         <run_address>0x10060d2</run_address>
         <size>0x6</size>
         <input_file_ref idref="fl-14"/>
      </object_component>
      <object_component id="oc-338">
         <name>.text:UtilsDelay</name>
         <load_address>0x10060d8</load_address>
         <run_address>0x10060d8</run_address>
         <size>0x6</size>
         <input_file_ref idref="fl-29"/>
      </object_component>
      <object_component id="oc-145">
         <name>.text:_system_pre_init</name>
         <load_address>0x10060de</load_address>
         <run_address>0x10060de</run_address>
         <size>0x4</size>
         <input_file_ref idref="fl-eb"/>
      </object_component>
      <object_component id="oc-1d8">
         <name>.text:abort:abort</name>
         <load_address>0x10060e2</load_address>
         <run_address>0x10060e2</run_address>
         <size>0x4</size>
         <input_file_ref idref="fl-ed"/>
      </object_component>
      <object_component id="oc-4d0">
         <name>.const:g_ulPinToPadMap</name>
         <load_address>0x10060e8</load_address>
         <run_address>0x10060e8</run_address>
         <size>0x100</size>
         <input_file_ref idref="fl-25"/>
      </object_component>
      <object_component id="oc-7a3">
         <name>.const:g_pulRegs</name>
         <load_address>0x10061e8</load_address>
         <run_address>0x10061e8</run_address>
         <size>0xd4</size>
         <input_file_ref idref="fl-24"/>
      </object_component>
      <object_component id="oc-4c9">
         <name>.const:PRCM_PeriphRegsList</name>
         <load_address>0x10062bc</load_address>
         <run_address>0x10062bc</run_address>
         <size>0xa8</size>
         <input_file_ref idref="fl-26"/>
      </object_component>
      <object_component id="oc-36d">
         <name>.const:PowerCC32XX_config</name>
         <load_address>0x1006364</load_address>
         <run_address>0x1006364</run_address>
         <size>0x40</size>
         <input_file_ref idref="fl-4"/>
      </object_component>
      <object_component id="oc-469">
         <name>.const:.string:pinTable</name>
         <load_address>0x10063a4</load_address>
         <run_address>0x10063a4</run_address>
         <size>0x21</size>
         <input_file_ref idref="fl-10"/>
      </object_component>
      <object_component id="oc-44a">
         <name>.const</name>
         <load_address>0x10063c5</load_address>
         <run_address>0x10063c5</run_address>
         <size>0x3</size>
         <input_file_ref idref="fl-4"/>
      </object_component>
      <object_component id="oc-5db">
         <name>.const:TimerCC32XX_fxnTable</name>
         <load_address>0x10063c8</load_address>
         <run_address>0x10063c8</run_address>
         <size>0x20</size>
         <input_file_ref idref="fl-14"/>
      </object_component>
      <object_component id="oc-970">
         <name>.const:g_pulDisRegs</name>
         <load_address>0x10063e8</load_address>
         <run_address>0x10063e8</run_address>
         <size>0x18</size>
         <input_file_ref idref="fl-24"/>
      </object_component>
      <object_component id="oc-13f">
         <name>.const:g_pulEnRegs</name>
         <load_address>0x1006400</load_address>
         <run_address>0x1006400</run_address>
         <size>0x18</size>
         <input_file_ref idref="fl-24"/>
      </object_component>
      <object_component id="oc-96c">
         <name>.const:g_pulUnpendRegs</name>
         <load_address>0x1006418</load_address>
         <run_address>0x1006418</run_address>
         <size>0x18</size>
         <input_file_ref idref="fl-24"/>
      </object_component>
      <object_component id="oc-437">
         <name>.const:GPIOCC32XX_config</name>
         <load_address>0x1006430</load_address>
         <run_address>0x1006430</run_address>
[...]
         <value>0x1001e89</value>
         <object_component_ref idref="oc-757"/>
      </symbol>
      <symbol id="sm-abf">
         <name>xTaskCreate</name>
         <value>0x1003f7d</value>
         <object_component_ref idref="oc-2a7"/>
      </symbol>
      <symbol id="sm-ac0">
         <name>vTaskMissedYield</name>
         <value>0x10060a1</value>
         <object_component_ref idref="oc-824"/>
      </symbol>
      <symbol id="sm-ac1">
         <name>vTaskStepTick</name>
         <value>0x10052a9</value>
         <object_component_ref idref="oc-683"/>
      </symbol>
      <symbol id="sm-ac2">
         <name>xTaskResumeAll</name>
         <value>0x1001211</value>
         <object_component_ref idref="oc-2b9"/>
      </symbol>
      <symbol id="sm-ac3">
         <name>vTaskSetApplicationTaskTag</name>
         <value>0x1005945</value>
         <object_component_ref idref="oc-2ad"/>
      </symbol>
      <symbol id="sm-ac4">
         <name>xTaskGetTickCount</name>
         <value>0x1005f85</value>
         <object_component_ref idref="oc-834"/>
      </symbol>
      <symbol id="sm-ac5">
         <name>vTaskDelete</name>
         <value>0x1002b0d</value>
         <object_component_ref idref="oc-549"/>
      </symbol>
      <symbol id="sm-ac6">
         <name>xTaskGetApplicationTaskTag</name>
         <value>0x1005ab9</value>
         <object_component_ref idref="oc-6b7"/>
      </symbol>
      <symbol id="sm-ac7">
         <name>pxCurrentTCB</name>
         <value>0x20009078</value>
         <object_component_ref idref="oc-108"/>
      </symbol>
      <symbol id="sm-ac8">
         <name>vTaskSuspend</name>
         <value>0x10025c5</value>
         <object_component_ref idref="oc-543"/>
      </symbol>
      <symbol id="sm-ac9">
         <name>uxTopUsedPriority</name>
         <value>0x10064c0</value>
         <object_component_ref idref="oc-2db"/>
      </symbol>
      <symbol id="sm-aca">
         <name>vTaskPlaceOnEventListRestricted</name>
         <value>0x1004161</value>
         <object_component_ref idref="oc-841"/>
      </symbol>
      <symbol id="sm-acb">
         <name>xTaskIncrementTick</name>
         <value>0x1000c6d</value>
         <object_component_ref idref="oc-115"/>
      </symbol>
      <symbol id="sm-acc">
         <name>vTaskSwitchContext</name>
         <value>0x1002ded</value>
         <object_component_ref idref="oc-10e"/>
      </symbol>
      <symbol id="sm-acd">
         <name>xTaskGetSchedulerState</name>
         <value>0x1005891</value>
         <object_component_ref idref="oc-29b"/>
      </symbol>
      <symbol id="sm-ace">
         <name>xTaskGetCurrentTaskHandle</name>
         <value>0x1005f71</value>
         <object_component_ref idref="oc-6b1"/>
      </symbol>
      <symbol id="sm-acf">
         <name>xTaskRemoveFromEventList</name>
         <value>0x10018e9</value>
         <object_component_ref idref="oc-697"/>
      </symbol>
      <symbol id="sm-ad0">
         <name>eTaskConfirmSleepModeStatus</name>
         <value>0x1004329</value>
         <object_component_ref idref="oc-64f"/>
      </symbol>
      <symbol id="sm-ad1">
         <name>xTaskPriorityInherit</name>
         <value>0x10024a5</value>
         <object_component_ref idref="oc-74b"/>
      </symbol>
      <symbol id="sm-bae">
         <name>xTimerCreateTimerTask</name>
         <value>0x1004ad9</value>
         <object_component_ref idref="oc-2c9"/>
      </symbol>
      <symbol id="sm-c42">
         <name>ulMaxSyscallInterruptPriority</name>
         <value>0x1006494</value>
         <object_component_ref idref="oc-10b"/>
      </symbol>
      <symbol id="sm-c43">
         <name>vPortSetupTimerInterrupt</name>
         <value>0x1004981</value>
         <object_component_ref idref="oc-3e4"/>
      </symbol>
      <symbol id="sm-c44">
         <name>xPortSysTickHandler</name>
         <value>0x1005971</value>
         <object_component_ref idref="oc-7c"/>
      </symbol>
      <symbol id="sm-c45">
         <name>vPortValidateInterruptPriority</name>
         <value>0x100424d</value>
         <object_component_ref idref="oc-732"/>
      </symbol>
      <symbol id="sm-c46">
         <name>pxPortInitialiseStack</name>
         <value>0x1004c21</value>
         <object_component_ref idref="oc-513"/>
      </symbol>
      <symbol id="sm-c47">
         <name>vPortExitCritical</name>
         <value>0x1005861</value>
         <object_component_ref idref="oc-3bb"/>
      </symbol>
      <symbol id="sm-c48">
         <name>xPortStartScheduler</name>
         <value>0x100304d</value>
         <object_component_ref idref="oc-2cf"/>
      </symbol>
      <symbol id="sm-c49">
         <name>vPortEnterCritical</name>
         <value>0x1004e85</value>
         <object_component_ref idref="oc-3b5"/>
      </symbol>
      <symbol id="sm-c58">
         <name>vPortStartFirstTask</name>
         <value>0x100331d</value>
         <object_component_ref idref="oc-77"/>
      </symbol>
      <symbol id="sm-c59">
         <name>ulPortGetIPSR</name>
         <value>0x1003295</value>
         <object_component_ref idref="oc-77"/>
      </symbol>
      <symbol id="sm-c5a">
         <name>xPortPendSVHandler</name>
         <value>0x10032ad</value>
         <object_component_ref idref="oc-77"/>
      </symbol>
      <symbol id="sm-c5b">
         <name>vPortSVCHandler</name>
         <value>0x10032f9</value>
         <object_component_ref idref="oc-77"/>
      </symbol>
      <symbol id="sm-cb1">
         <name>resetISR</name>
         <value>0x1005ecd</value>
         <object_component_ref idref="oc-21"/>
      </symbol>
      <symbol id="sm-cb2">
         <name>resetVectorAddr</name>
         <value>0x1005edc</value>
         <object_component_ref idref="oc-21"/>
      </symbol>
      <symbol id="sm-cb3">
         <name>initVectors</name>
         <value>0x1004d09</value>
         <object_component_ref idref="oc-53"/>
      </symbol>
      <symbol id="sm-cb4">
         <name>resetVectors</name>
         <value>0x1000800</value>
         <object_component_ref idref="oc-2a"/>
      </symbol>
      <symbol id="sm-cc2">
         <name>PTLS_taskDeleteHook</name>
         <value>0x1005ddd</value>
         <object_component_ref idref="oc-6ed"/>
      </symbol>
      <symbol id="sm-d69">
         <name>pthread_create</name>
         <value>0x1002245</value>
         <object_component_ref idref="oc-1bb"/>
      </symbol>
      <symbol id="sm-d6a">
         <name>pthread_attr_init</name>
         <value>0x1005da5</value>
         <object_component_ref idref="oc-1a3"/>
      </symbol>
      <symbol id="sm-d6b">
         <name>pthread_self</name>
         <value>0x1005f49</value>
         <object_component_ref idref="oc-525"/>
      </symbol>
      <symbol id="sm-d6c">
         <name>pthread_attr_setschedparam</name>
         <value>0x1005a91</value>
         <object_component_ref idref="oc-1a9"/>
      </symbol>
      <symbol id="sm-d6d">
         <name>pthread_attr_setdetachstate</name>
         <value>0x1005c4f</value>
         <object_component_ref idref="oc-1af"/>
      </symbol>
      <symbol id="sm-d6e">
         <name>pthread_attr_setstacksize</name>
         <value>0x1005f35</value>
         <object_component_ref idref="oc-1b5"/>
      </symbol>
      <symbol id="sm-d6f">
         <name>pthread_setcancelstate</name>
         <value>0x100536d</value>
         <object_component_ref idref="oc-52b"/>
      </symbol>
      <symbol id="sm-d70">
         <name>_pthread_cleanup_pop</name>
         <value>0x1005b2d</value>
         <object_component_ref idref="oc-531"/>
      </symbol>
      <symbol id="sm-d71">
         <name>pthread_exit</name>
         <value>0x1004769</value>
         <object_component_ref idref="oc-3ca"/>
      </symbol>
      <symbol id="sm-da3">
         <name>uxListRemove</name>
         <value>0x1005081</value>
         <object_component_ref idref="oc-57b"/>
      </symbol>
      <symbol id="sm-da4">
         <name>vListInsert</name>
         <value>0x10043f9</value>
         <object_component_ref idref="oc-817"/>
      </symbol>
      <symbol id="sm-da5">
         <name>vListInitialiseItem</name>
         <value>0x100600d</value>
         <object_component_ref idref="oc-50d"/>
      </symbol>
      <symbol id="sm-da6">
         <name>vListInsertEnd</name>
         <value>0x100549d</value>
         <object_component_ref idref="oc-6e6"/>
      </symbol>
      <symbol id="sm-da7">
         <name>vListInitialise</name>
         <value>0x1005831</value>
         <object_component_ref idref="oc-550"/>
      </symbol>
      <symbol id="sm-e33">
         <name>IntPendClear</name>
         <value>0x1004879</value>
         <object_component_ref idref="oc-91e"/>
      </symbol>
      <symbol id="sm-e34">
         <name>IntPrioritySet</name>
         <value>0x1004a85</value>
         <object_component_ref idref="oc-5ee"/>
      </symbol>
      <symbol id="sm-e35">
         <name>IntVTableBaseSet</name>
         <value>0x1005ef9</value>
         <object_component_ref idref="oc-a2"/>
      </symbol>
      <symbol id="sm-e36">
         <name>IntEnable</name>
         <value>0x100354d</value>
         <object_component_ref idref="oc-ae"/>
      </symbol>
      <symbol id="sm-e37">
         <name>IntDisable</name>
         <value>0x10034a5</value>
         <object_component_ref idref="oc-925"/>
      </symbol>
      <symbol id="sm-e38">
         <name>IntRegister</name>
         <value>0x1005cb1</value>
         <object_component_ref idref="oc-5e8"/>
      </symbol>
      <symbol id="sm-e39">
         <name>IntUnregister</name>
         <value>0x1005b79</value>
         <object_component_ref idref="oc-92b"/>
      </symbol>
      <symbol id="sm-e3a">
         <name>IntMasterEnable</name>
         <value>0x10060ad</value>
         <object_component_ref idref="oc-a8"/>
      </symbol>
      <symbol id="sm-e74">
         <name>PinModeGet</name>
         <value>0x1005699</value>
         <object_component_ref idref="oc-357"/>
      </symbol>
      <symbol id="sm-e75">
         <name>PinConfigSet</name>
         <value>0x1003ae5</value>
         <object_component_ref idref="oc-451"/>
      </symbol>
      <symbol id="sm-e76">
         <name>PinModeSet</name>
         <value>0x10052ed</value>
         <object_component_ref idref="oc-35d"/>
      </symbol>
      <symbol id="sm-e77">
         <name>PinToPadGet</name>
         <value>0x1005d89</value>
         <object_component_ref idref="oc-8da"/>
      </symbol>
      <symbol id="sm-f69">
         <name>PRCMLPDSWakeupSourceEnable</name>
         <value>0x1005a19</value>
         <object_component_ref idref="oc-672"/>
      </symbol>
      <symbol id="sm-f6a">
         <name>PRCMLPDSRestoreInfoSet</name>
         <value>0x1005155</value>
         <object_component_ref idref="oc-8ee"/>
      </symbol>
      <symbol id="sm-f6b">
         <name>PRCMPeripheralReset</name>
         <value>0x10048d1</value>
         <object_component_ref idref="oc-34b"/>
      </symbol>
      <symbol id="sm-f6c">
         <name>PRCMLPDSEnter</name>
         <value>0x1004f61</value>
         <object_component_ref idref="oc-7e9"/>
      </symbol>
      <symbol id="sm-f6d">
         <name>PRCMPeripheralClkEnable</name>
         <value>0x1004fa9</value>
         <object_component_ref idref="oc-345"/>
      </symbol>
      <symbol id="sm-f6e">
         <name>PRCMSlowClkCtrFastGet</name>
         <value>0x10053ad</value>
         <object_component_ref idref="oc-643"/>
      </symbol>
      <symbol id="sm-f6f">
         <name>PRCMLPDSEnterKeepDebugIf</name>
         <value>0x1005515</value>
         <object_component_ref idref="oc-7ef"/>
      </symbol>
      <symbol id="sm-f70">
         <name>PRCMCC3200MCUInit</name>
         <value>0x1000841</value>
         <object_component_ref idref="oc-26e"/>
      </symbol>
      <symbol id="sm-f71">
         <name>PRCMHIBRegWrite</name>
         <value>0x1005e9f</value>
         <object_component_ref idref="oc-339"/>
      </symbol>
      <symbol id="sm-f72">
         <name>PRCMLPDSIntervalSet</name>
         <value>0x10058ed</value>
         <object_component_ref idref="oc-66c"/>
      </symbol>
      <symbol id="sm-f73">
         <name>PRCMSysResetCauseGet</name>
         <value>0x1004651</value>
         <object_component_ref idref="oc-332"/>
      </symbol>
      <symbol id="sm-f74">
         <name>PRCMSleepEnter</name>
         <value>0x10060cb</value>
         <object_component_ref idref="oc-689"/>
      </symbol>
      <symbol id="sm-f75">
         <name>PRCMPeripheralClkDisable</name>
         <value>0x1005a41</value>
         <object_component_ref idref="oc-351"/>
      </symbol>
      <symbol id="sm-f76">
         <name>PRCMHIBRegRead</name>
         <value>0x1005e89</value>
         <object_component_ref idref="oc-33f"/>
      </symbol>
      <symbol id="sm-f8c">
         <name>SysTickEnable</name>
         <value>0x1005fed</value>
         <object_component_ref idref="oc-655"/>
      </symbol>
      <symbol id="sm-f8d">
         <name>SysTickDisable</name>
         <value>0x1005fdd</value>
         <object_component_ref idref="oc-649"/>
      </symbol>
      <symbol id="sm-fd5">
         <name>TimerLoadSet</name>
         <value>0x100599d</value>
         <object_component_ref idref="oc-8a7"/>
      </symbol>
      <symbol id="sm-fd6">
         <name>TimerDisable</name>
         <value>0x1005d2f</value>
         <object_component_ref idref="oc-8c1"/>
      </symbol>
      <symbol id="sm-fd7">
         <name>TimerEnable</name>
         <value>0x1005d4d</value>
         <object_component_ref idref="oc-8ba"/>
      </symbol>
      <symbol id="sm-fd8">
         <name>TimerIntDisable</name>
         <value>0x1005e41</value>
         <object_component_ref idref="oc-8c7"/>
      </symbol>
      <symbol id="sm-fd9">
         <name>TimerPrescaleSet</name>
         <value>0x10059c7</value>
         <object_component_ref idref="oc-8a1"/>
      </symbol>
      <symbol id="sm-fda">
         <name>TimerControlStall</name>
         <value>0x100562d</value>
         <object_component_ref idref="oc-94d"/>
      </symbol>
      <symbol id="sm-fdb">
         <name>TimerIntEnable</name>
         <value>0x1005e59</value>
         <object_component_ref idref="oc-8ae"/>
      </symbol>
      <symbol id="sm-fdc">
         <name>TimerIntClear</name>
         <value>0x1005fab</value>
         <object_component_ref idref="oc-955"/>
      </symbol>
      <symbol id="sm-fe0">
         <name>UtilsDelay</name>
         <value>0x10060d9</value>
         <object_component_ref idref="oc-338"/>
      </symbol>
      <symbol id="sm-ff2">
         <name>CPUcpsie</name>
         <value>0x1005ee3</value>
         <object_component_ref idref="oc-138"/>
      </symbol>
      <symbol id="sm-ff3">
         <name>CPUwfi</name>
         <value>0x1006057</value>
         <object_component_ref idref="oc-7f8"/>
      </symbol>
      <symbol id="sm-1003">
         <name>FlashDisable</name>
         <value>0x1004ed1</value>
         <object_component_ref idref="oc-904"/>
      </symbol>
      <symbol id="sm-100c">
         <name>__aeabi_lmul</name>
         <value>0x1005e71</value>
         <object_component_ref idref="oc-67e"/>
      </symbol>
      <symbol id="sm-1027">
         <name>memcpy</name>
         <value>0x10037ed</value>
         <object_component_ref idref="oc-3b"/>
      </symbol>
      <symbol id="sm-1028">
         <name>__aeabi_memcpy</name>
         <value>0x10037ed</value>
         <object_component_ref idref="oc-3b"/>
      </symbol>
      <symbol id="sm-1029">
         <name>__aeabi_memcpy8</name>
         <value>0x10037ed</value>
         <object_component_ref idref="oc-3b"/>
      </symbol>
      <symbol id="sm-102a">
         <name>__aeabi_memcpy4</name>
         <value>0x10037ed</value>
         <object_component_ref idref="oc-3b"/>
      </symbol>
      <symbol id="sm-1037">
         <name>__aeabi_uldivmod</name>
         <value>0x10039bd</value>
         <object_component_ref idref="oc-667"/>
      </symbol>
      <symbol id="sm-1046">
         <name>__aeabi_memset</name>
         <value>0x1003f05</value>
         <object_component_ref idref="oc-9c"/>
      </symbol>
      <symbol id="sm-1047">
         <name>memset</name>
         <value>0x1003f0b</value>
         <object_component_ref idref="oc-9c"/>
      </symbol>
      <symbol id="sm-1048">
         <name>__aeabi_memset8</name>
         <value>0x1003f05</value>
         <object_component_ref idref="oc-9c"/>
      </symbol>
      <symbol id="sm-1049">
         <name>__aeabi_memset4</name>
         <value>0x1003f05</value>
         <object_component_ref idref="oc-9c"/>
      </symbol>
      <symbol id="sm-104a">
         <name>__aeabi_memclr8</name>
         <value>0x1003f03</value>
         <object_component_ref idref="oc-9c"/>
      </symbol>
      <symbol id="sm-104b">
         <name>__aeabi_memclr4</name>
         <value>0x1003f03</value>
         <object_component_ref idref="oc-9c"/>
      </symbol>
      <symbol id="sm-104c">
         <name>__aeabi_memclr</name>
         <value>0x1003f03</value>
         <object_component_ref idref="oc-9c"/>
      </symbol>
      <symbol id="sm-105e">
         <name>__TI_zero_init</name>
         <value>0x1006089</value>
         <object_component_ref idref="oc-4d"/>
      </symbol>
      <symbol id="sm-1075">
         <name>__TI_decompress_none</name>
         <value>0x100603b</value>
         <object_component_ref idref="oc-1a"/>
      </symbol>
      <symbol id="sm-1098">
         <name>__TI_decompress_lzss</name>
         <value>0x10042c1</value>
         <object_component_ref idref="oc-14"/>
      </symbol>
      <symbol id="sm-10aa">
         <name>__stack</name>
         <value>0x2003fc00</value>
         <object_component_ref idref="oc-2d"/>
      </symbol>
      <symbol id="sm-10ab">
         <name>_c_int00_noargs</name>
         <value>0x1005b9d</value>
         <object_component_ref idref="oc-be"/>
      </symbol>
      <symbol id="sm-10b5">
         <name>__aeabi_idiv0</name>
         <value>0x100445f</value>
         <object_component_ref idref="oc-7b8"/>
      </symbol>
      <symbol id="sm-10b6">
         <name>__aeabi_ldiv0</name>
         <value>0x100445f</value>
         <object_component_ref idref="oc-7b8"/>
      </symbol>
      <symbol id="sm-10de">
         <name>__TI_auto_init_nobinit_nopinit</name>
         <value>0x1005221</value>
         <object_component_ref idref="oc-1e4"/>
      </symbol>
      <symbol id="sm-10e8">
         <name>_system_pre_init</name>
         <value>0x10060df</value>
         <object_component_ref idref="oc-145"/>
      </symbol>
      <symbol id="sm-10f4">
         <name>C$$EXIT</name>
         <value>0x10060e3</value>
         <object_component_ref idref="oc-1d8"/>
      </symbol>
      <symbol id="sm-10f5">
         <name>abort</name>
         <value>0x10060e3</value>
         <object_component_ref idref="oc-1d8"/>
      </symbol>
      <symbol id="sm-10f8">
         <name>__TI_static_base__</name>
         <value>0x10064c8</value>
      </symbol>
      <symbol id="sm-10fb">
         <name>__mpu_init</name>
         <value>0x0</value>
      </symbol>
      <symbol id="sm-10fc">
         <name>_system_post_cinit</name>
         <value>0x0</value>
      </symbol>
   </symbol_table>
   <title>Link successful</title>
</link_info>
